Component: Arm Compiler for Embedded 6.19 Tool: armlink [5e73cb00]

==============================================================================

Section Cross References

    startup_stm32f103xe.o(STACK) refers (Special) to heapauxi.o(.text) for __use_two_region_memory
    startup_stm32f103xe.o(HEAP) refers (Special) to heapauxi.o(.text) for __use_two_region_memory
    startup_stm32f103xe.o(RESET) refers (Special) to heapauxi.o(.text) for __use_two_region_memory
    startup_stm32f103xe.o(RESET) refers to startup_stm32f103xe.o(STACK) for __initial_sp
    startup_stm32f103xe.o(RESET) refers to startup_stm32f103xe.o(.text) for Reset_Handler
    startup_stm32f103xe.o(RESET) refers to stm32f1xx_it.o(.text.NMI_Handler) for NMI_Handler
    startup_stm32f103xe.o(RESET) refers to stm32f1xx_it.o(.text.HardFault_Handler) for HardFault_Handler
    startup_stm32f103xe.o(RESET) refers to stm32f1xx_it.o(.text.MemManage_Handler) for MemManage_Handler
    startup_stm32f103xe.o(RESET) refers to stm32f1xx_it.o(.text.BusFault_Handler) for BusFault_Handler
    startup_stm32f103xe.o(RESET) refers to stm32f1xx_it.o(.text.UsageFault_Handler) for UsageFault_Handler
    startup_stm32f103xe.o(RESET) refers to stm32f1xx_it.o(.text.SVC_Handler) for SVC_Handler
    startup_stm32f103xe.o(RESET) refers to stm32f1xx_it.o(.text.DebugMon_Handler) for DebugMon_Handler
    startup_stm32f103xe.o(RESET) refers to stm32f1xx_it.o(.text.PendSV_Handler) for PendSV_Handler
    startup_stm32f103xe.o(RESET) refers to stm32f1xx_it.o(.text.SysTick_Handler) for SysTick_Handler
    startup_stm32f103xe.o(RESET) refers to usart.o(.text.USART1_IRQHandler) for USART1_IRQHandler
    startup_stm32f103xe.o(.text) refers (Special) to heapauxi.o(.text) for __use_two_region_memory
    startup_stm32f103xe.o(.text) refers to system_stm32f1xx.o(.text.SystemInit) for SystemInit
    startup_stm32f103xe.o(.text) refers to __main.o(!!!main) for __main
    startup_stm32f103xe.o(.text) refers to startup_stm32f103xe.o(HEAP) for Heap_Mem
    startup_stm32f103xe.o(.text) refers to startup_stm32f103xe.o(STACK) for Stack_Mem
    stm32f1xx_it.o(.ARM.exidx.text.NMI_Handler) refers to stm32f1xx_it.o(.text.NMI_Handler) for [Anonymous Symbol]
    stm32f1xx_it.o(.ARM.exidx.text.HardFault_Handler) refers to stm32f1xx_it.o(.text.HardFault_Handler) for [Anonymous Symbol]
    stm32f1xx_it.o(.ARM.exidx.text.MemManage_Handler) refers to stm32f1xx_it.o(.text.MemManage_Handler) for [Anonymous Symbol]
    stm32f1xx_it.o(.ARM.exidx.text.BusFault_Handler) refers to stm32f1xx_it.o(.text.BusFault_Handler) for [Anonymous Symbol]
    stm32f1xx_it.o(.ARM.exidx.text.UsageFault_Handler) refers to stm32f1xx_it.o(.text.UsageFault_Handler) for [Anonymous Symbol]
    stm32f1xx_it.o(.ARM.exidx.text.SVC_Handler) refers to stm32f1xx_it.o(.text.SVC_Handler) for [Anonymous Symbol]
    stm32f1xx_it.o(.ARM.exidx.text.DebugMon_Handler) refers to stm32f1xx_it.o(.text.DebugMon_Handler) for [Anonymous Symbol]
    stm32f1xx_it.o(.ARM.exidx.text.PendSV_Handler) refers to stm32f1xx_it.o(.text.PendSV_Handler) for [Anonymous Symbol]
    stm32f1xx_it.o(.text.SysTick_Handler) refers to stm32f1xx_hal.o(.text.HAL_IncTick) for HAL_IncTick
    stm32f1xx_it.o(.ARM.exidx.text.SysTick_Handler) refers to stm32f1xx_it.o(.text.SysTick_Handler) for [Anonymous Symbol]
    system_stm32f1xx.o(.ARM.exidx.text.SystemInit) refers to system_stm32f1xx.o(.text.SystemInit) for [Anonymous Symbol]
    system_stm32f1xx.o(.text.SystemCoreClockUpdate) refers to system_stm32f1xx.o(.data.SystemCoreClock) for SystemCoreClock
    system_stm32f1xx.o(.text.SystemCoreClockUpdate) refers to system_stm32f1xx.o(.rodata.AHBPrescTable) for AHBPrescTable
    system_stm32f1xx.o(.ARM.exidx.text.SystemCoreClockUpdate) refers to system_stm32f1xx.o(.text.SystemCoreClockUpdate) for [Anonymous Symbol]
    delay.o(.text.delay_init) refers to stm32f1xx_hal_cortex.o(.text.HAL_SYSTICK_CLKSourceConfig) for HAL_SYSTICK_CLKSourceConfig
    delay.o(.text.delay_init) refers to delay.o(.bss.g_fac_us) for g_fac_us
    delay.o(.ARM.exidx.text.delay_init) refers to delay.o(.text.delay_init) for [Anonymous Symbol]
    delay.o(.text.delay_us) refers to delay.o(.bss.g_fac_us) for g_fac_us
    delay.o(.ARM.exidx.text.delay_us) refers to delay.o(.text.delay_us) for [Anonymous Symbol]
    delay.o(.text.delay_ms) refers to delay.o(.bss.g_fac_us) for g_fac_us
    delay.o(.ARM.exidx.text.delay_ms) refers to delay.o(.text.delay_ms) for [Anonymous Symbol]
    delay.o(.text.HAL_Delay) refers to delay.o(.bss.g_fac_us) for g_fac_us
    delay.o(.ARM.exidx.text.HAL_Delay) refers to delay.o(.text.HAL_Delay) for [Anonymous Symbol]
    sys.o(.ARM.exidx.text.sys_nvic_set_vector_table) refers to sys.o(.text.sys_nvic_set_vector_table) for [Anonymous Symbol]
    sys.o(.ARM.exidx.text.sys_wfi_set) refers to sys.o(.text.sys_wfi_set) for [Anonymous Symbol]
    sys.o(.ARM.exidx.text.sys_intx_disable) refers to sys.o(.text.sys_intx_disable) for [Anonymous Symbol]
[...]
    libinit2.o(.ARM.Collect$$libinit$$00000018) refers to libinit2.o(.ARM.Collect$$libinit$$00000011) for .ARM.Collect$$libinit$$00000011
    libinit2.o(.ARM.Collect$$libinit$$0000001A) refers to libinit2.o(.ARM.Collect$$libinit$$00000011) for .ARM.Collect$$libinit$$00000011
    libinit2.o(.ARM.Collect$$libinit$$00000028) refers to argv_veneer.o(.emb_text) for __ARM_argv_veneer
    libinit2.o(.ARM.Collect$$libinit$$00000029) refers to argv_veneer.o(.emb_text) for __ARM_argv_veneer
    rtexit2.o(.ARM.Collect$$rtexit$$00000003) refers to libshutdown.o(.ARM.Collect$$libshutdown$$00000000) for __rt_lib_shutdown
    rtexit2.o(.ARM.Collect$$rtexit$$00000004) refers to usart.o(.text._sys_exit) for _sys_exit
    rtexit2.o(.ARM.exidx) refers to rtexit2.o(.ARM.Collect$$rtexit$$00000001) for .ARM.Collect$$rtexit$$00000001
    rtexit2.o(.ARM.exidx) refers to rtexit2.o(.ARM.Collect$$rtexit$$00000003) for .ARM.Collect$$rtexit$$00000003
    rtexit2.o(.ARM.exidx) refers to rtexit2.o(.ARM.Collect$$rtexit$$00000004) for .ARM.Collect$$rtexit$$00000004
    argv_veneer.o(.emb_text) refers to no_argv.o(.text) for __ARM_get_argv
    _get_argv_nomalloc.o(.text) refers (Special) to hrguard.o(.text) for __heap_region$guard
    _get_argv_nomalloc.o(.text) refers to defsig_rtmem_outer.o(.text) for __rt_SIGRTMEM
    _get_argv_nomalloc.o(.text) refers to usart.o(.text._sys_command_string) for _sys_command_string
    libshutdown.o(.ARM.Collect$$libshutdown$$00000000) refers (Special) to libshutdown2.o(.ARM.Collect$$libshutdown$$00000002) for __rt_lib_shutdown_cpp_1
    libshutdown.o(.ARM.Collect$$libshutdown$$00000000) refers (Special) to libshutdown2.o(.ARM.Collect$$libshutdown$$00000007) for __rt_lib_shutdown_fp_trap_1
    libshutdown.o(.ARM.Collect$$libshutdown$$00000000) refers (Special) to libshutdown2.o(.ARM.Collect$$libshutdown$$0000000F) for __rt_lib_shutdown_heap_1
    libshutdown.o(.ARM.Collect$$libshutdown$$00000000) refers (Special) to libshutdown2.o(.ARM.Collect$$libshutdown$$00000010) for __rt_lib_shutdown_return
    libshutdown.o(.ARM.Collect$$libshutdown$$00000000) refers (Special) to libshutdown2.o(.ARM.Collect$$libshutdown$$0000000A) for __rt_lib_shutdown_signal_1
    libshutdown.o(.ARM.Collect$$libshutdown$$00000000) refers (Special) to libshutdown2.o(.ARM.Collect$$libshutdown$$00000004) for __rt_lib_shutdown_stdio_1
    libshutdown.o(.ARM.Collect$$libshutdown$$00000000) refers (Special) to libshutdown2.o(.ARM.Collect$$libshutdown$$0000000C) for __rt_lib_shutdown_user_alloc_1
    defsig_rtmem_outer.o(.text) refers to defsig_rtmem_inner.o(.text) for __rt_SIGRTMEM_inner
    defsig_rtmem_outer.o(.text) refers to defsig_exit.o(.text) for __sig_exit
    defsig_rtmem_formal.o(.text) refers to rt_raise.o(.text) for __rt_raise
    rt_raise.o(.text) refers to __raise.o(.text) for __raise
    rt_raise.o(.text) refers to usart.o(.text._sys_exit) for _sys_exit
    defsig_exit.o(.text) refers to usart.o(.text._sys_exit) for _sys_exit
    defsig_rtmem_inner.o(.text) refers to defsig_general.o(.text) for __default_signal_display
    __raise.o(.text) refers to defsig.o(CL$$defsig) for __default_signal_handler
    defsig_general.o(.text) refers to usart.o(.text._ttywrch) for _ttywrch
    defsig.o(CL$$defsig) refers to defsig_rtmem_inner.o(.text) for __rt_SIGRTMEM_inner
    defsig_abrt_inner.o(.text) refers to defsig_general.o(.text) for __default_signal_display
    defsig_fpe_inner.o(.text) refers to defsig_general.o(.text) for __default_signal_display
    defsig_rtred_inner.o(.text) refers to defsig_general.o(.text) for __default_signal_display
    defsig_stak_inner.o(.text) refers to defsig_general.o(.text) for __default_signal_display
    defsig_pvfn_inner.o(.text) refers to defsig_general.o(.text) for __default_signal_display
    defsig_cppl_inner.o(.text) refers to defsig_general.o(.text) for __default_signal_display
    defsig_segv_inner.o(.text) refers to defsig_general.o(.text) for __default_signal_display
    defsig_other.o(.text) refers to defsig_general.o(.text) for __default_signal_display


==============================================================================

Removing Unused input sections from the image.

    Removing stm32f1xx_it.o(.text), (0 bytes).
    Removing stm32f1xx_it.o(.ARM.exidx.text.NMI_Handler), (8 bytes).
    Removing stm32f1xx_it.o(.ARM.exidx.text.HardFault_Handler), (8 bytes).
    Removing stm32f1xx_it.o(.ARM.exidx.text.MemManage_Handler), (8 bytes).
    Removing stm32f1xx_it.o(.ARM.exidx.text.BusFault_Handler), (8 bytes).
    Removing stm32f1xx_it.o(.ARM.exidx.text.UsageFault_Handler), (8 bytes).
    Removing stm32f1xx_it.o(.ARM.exidx.text.SVC_Handler), (8 bytes).
    Removing stm32f1xx_it.o(.ARM.exidx.text.DebugMon_Handler), (8 bytes).
    Removing stm32f1xx_it.o(.ARM.exidx.text.PendSV_Handler), (8 bytes).
    Removing stm32f1xx_it.o(.ARM.exidx.text.SysTick_Handler), (8 bytes).
    Removing system_stm32f1xx.o(.text), (0 bytes).
    Removing system_stm32f1xx.o(.ARM.exidx.text.SystemInit), (8 bytes).
    Removing system_stm32f1xx.o(.text.SystemCoreClockUpdate), (110 bytes).
    Removing system_stm32f1xx.o(.ARM.exidx.text.SystemCoreClockUpdate), (8 bytes).
    Removing delay.o(.text), (0 bytes).
    Removing delay.o(.ARM.exidx.text.delay_init), (8 bytes).
    Removing delay.o(.text.delay_us), (60 bytes).
    Removing delay.o(.ARM.exidx.text.delay_us), (8 bytes).
    Removing delay.o(.text.delay_ms), (160 bytes).
    Removing delay.o(.ARM.exidx.text.delay_ms), (8 bytes).
    Removing delay.o(.text.HAL_Delay), (160 bytes).
    Removing delay.o(.ARM.exidx.text.HAL_Delay), (8 bytes).
    Removing sys.o(.text), (0 bytes).
    Removing sys.o(.text.sys_nvic_set_vector_table), (20 bytes).
    Removing sys.o(.ARM.exidx.text.sys_nvic_set_vector_table), (8 bytes).
    Removing sys.o(.text.sys_wfi_set), (4 bytes).
    Removing sys.o(.ARM.exidx.text.sys_wfi_set), (8 bytes).
    Removing sys.o(.text.sys_intx_disable), (4 bytes).
    Removing sys.o(.ARM.exidx.text.sys_intx_disable), (8 bytes).
    Removing sys.o(.text.sys_intx_enable), (4 bytes).
    Removing sys.o(.ARM.exidx.text.sys_intx_enable), (8 bytes).
    Removing sys.o(.text.sys_msr_msp), (6 bytes).
    Removing sys.o(.ARM.exidx.text.sys_msr_msp), (8 bytes).
    Removing sys.o(.text.sys_standby), (48 bytes).
    Removing sys.o(.ARM.exidx.text.sys_standby), (8 bytes).
    Removing sys.o(.text.sys_soft_reset), (4 bytes).
    Removing sys.o(.ARM.exidx.text.sys_soft_reset), (8 bytes).
    Removing sys.o(.text.__NVIC_SystemReset), (36 bytes).
    Removing sys.o(.ARM.exidx.text.__NVIC_SystemReset), (8 bytes).
    Removing sys.o(.ARM.exidx.text.sys_stm32_clock_init), (8 bytes).
    Removing usart.o(.text), (0 bytes).
    Removing usart.o(.text._ttywrch), (2 bytes).
    Removing usart.o(.ARM.exidx.text._ttywrch), (8 bytes).
    Removing usart.o(.ARM.exidx.text._sys_exit), (8 bytes).
    Removing usart.o(.text._sys_command_string), (4 bytes).
    Removing usart.o(.ARM.exidx.text._sys_command_string), (8 bytes).
    Removing usart.o(.text.fputc), (20 bytes).
    Removing usart.o(.ARM.exidx.text.fputc), (8 bytes).
    Removing usart.o(.text.usart_init), (62 bytes).
    Removing usart.o(.ARM.exidx.text.usart_init), (8 bytes).
    Removing usart.o(.ARM.exidx.text.HAL_UART_MspInit), (8 bytes).
    Removing usart.o(.ARM.exidx.text.HAL_UART_RxCpltCallback), (8 bytes).
    Removing usart.o(.ARM.exidx.text.USART1_IRQHandler), (8 bytes).
    Removing usart.o(.bss.__stdout), (84 bytes).
    Removing main_1.o(.text), (0 bytes).
    Removing main_1.o(.ARM.exidx.text.main), (8 bytes).
    Removing main_1.o(.text.USART_SendString), (38 bytes).
    Removing main_1.o(.ARM.exidx.text.USART_SendString), (8 bytes).
    Removing stm32f1xx_hal.o(.text), (0 bytes).
    Removing stm32f1xx_hal.o(.ARM.exidx.text.HAL_Init), (8 bytes).
    Removing stm32f1xx_hal.o(.ARM.exidx.text.HAL_InitTick), (8 bytes).
    Removing stm32f1xx_hal.o(.ARM.exidx.text.HAL_MspInit), (8 bytes).
    Removing stm32f1xx_hal.o(.text.HAL_DeInit), (32 bytes).
    Removing stm32f1xx_hal.o(.ARM.exidx.text.HAL_DeInit), (8 bytes).
    Removing stm32f1xx_hal.o(.text.HAL_MspDeInit), (2 bytes).
    Removing stm32f1xx_hal.o(.ARM.exidx.text.HAL_MspDeInit), (8 bytes).
    Removing stm32f1xx_hal.o(.ARM.exidx.text.HAL_IncTick), (8 bytes).
    Removing stm32f1xx_hal.o(.ARM.exidx.text.HAL_GetTick), (8 bytes).
    Removing stm32f1xx_hal.o(.text.HAL_GetTickPrio), (12 bytes).
    Removing stm32f1xx_hal.o(.ARM.exidx.text.HAL_GetTickPrio), (8 bytes).
    Removing stm32f1xx_hal.o(.text.HAL_SetTickFreq), (46 bytes).
    Removing stm32f1xx_hal.o(.ARM.exidx.text.HAL_SetTickFreq), (8 bytes).
    Removing stm32f1xx_hal.o(.text.HAL_GetTickFreq), (12 bytes).
    Removing stm32f1xx_hal.o(.ARM.exidx.text.HAL_GetTickFreq), (8 bytes).
    Removing stm32f1xx_hal.o(.text.HAL_Delay), (40 bytes).
    Removing stm32f1xx_hal.o(.ARM.exidx.text.HAL_Delay), (8 bytes).
    Removing stm32f1xx_hal.o(.text.HAL_SuspendTick), (18 bytes).
    Removing stm32f1xx_hal.o(.ARM.exidx.text.HAL_SuspendTick), (8 bytes).
    Removing stm32f1xx_hal.o(.text.HAL_ResumeTick), (18 bytes).
    Removing stm32f1xx_hal.o(.ARM.exidx.text.HAL_ResumeTick), (8 bytes).
    Removing stm32f1xx_hal.o(.text.HAL_GetHalVersion), (10 bytes).
    Removing stm32f1xx_hal.o(.ARM.exidx.text.HAL_GetHalVersion), (8 bytes).
    Removing stm32f1xx_hal.o(.text.HAL_GetREVID), (14 bytes).
    Removing stm32f1xx_hal.o(.ARM.exidx.text.HAL_GetREVID), (8 bytes).
    Removing stm32f1xx_hal.o(.text.HAL_GetDEVID), (16 bytes).
    Removing stm32f1xx_hal.o(.ARM.exidx.text.HAL_GetDEVID), (8 bytes).
    Removing stm32f1xx_hal.o(.text.HAL_GetUIDw0), (12 bytes).
    Removing stm32f1xx_hal.o(.ARM.exidx.text.HAL_GetUIDw0), (8 bytes).
    Removing stm32f1xx_hal.o(.text.HAL_GetUIDw1), (12 bytes).
    Removing stm32f1xx_hal.o(.ARM.exidx.text.HAL_GetUIDw1), (8 bytes).
    Removing stm32f1xx_hal.o(.text.HAL_GetUIDw2), (12 bytes).
    Removing stm32f1xx_hal.o(.ARM.exidx.text.HAL_GetUIDw2), (8 bytes).
    Removing stm32f1xx_hal.o(.text.HAL_DBGMCU_EnableDBGSleepMode), (18 bytes).
    Removing stm32f1xx_hal.o(.ARM.exidx.text.HAL_DBGMCU_EnableDBGSleepMode), (8 bytes).
    Removing stm32f1xx_hal.o(.text.HAL_DBGMCU_DisableDBGSleepMode), (18 bytes).
    Removing stm32f1xx_hal.o(.ARM.exidx.text.HAL_DBGMCU_DisableDBGSleepMode), (8 bytes).
    Removing stm32f1xx_hal.o(.text.HAL_DBGMCU_EnableDBGStopMode), (18 bytes).
    Removing stm32f1xx_hal.o(.ARM.exidx.text.HAL_DBGMCU_EnableDBGStopMode), (8 bytes).
    Removing stm32f1xx_hal.o(.text.HAL_DBGMCU_DisableDBGStopMode), (18 bytes).
    Removing stm32f1xx_hal.o(.ARM.exidx.text.HAL_DBGMCU_DisableDBGStopMode), (8 bytes).
    Removing stm32f1xx_hal.o(.text.HAL_DBGMCU_EnableDBGStandbyMode), (18 bytes).
    Removing stm32f1xx_hal.o(.ARM.exidx.text.HAL_DBGMCU_EnableDBGStandbyMode), (8 bytes).
    Removing stm32f1xx_hal.o(.text.HAL_DBGMCU_DisableDBGStandbyMode), (18 bytes).
    Removing stm32f1xx_hal.o(.ARM.exidx.text.HAL_DBGMCU_DisableDBGStandbyMode), (8 bytes).
    Removing stm32f1xx_hal_cortex.o(.text), (0 bytes).
    Removing stm32f1xx_hal_cortex.o(.ARM.exidx.text.HAL_NVIC_SetPriorityGrouping), (8 bytes).
    Removing stm32f1xx_hal_cortex.o(.ARM.exidx.text.HAL_NVIC_SetPriority), (8 bytes).
    Removing stm32f1xx_hal_cortex.o(.ARM.exidx.text.HAL_NVIC_EnableIRQ), (8 bytes).
    Removing stm32f1xx_hal_cortex.o(.text.HAL_NVIC_DisableIRQ), (40 bytes).
    Removing stm32f1xx_hal_cortex.o(.ARM.exidx.text.HAL_NVIC_DisableIRQ), (8 bytes).
    Removing stm32f1xx_hal_cortex.o(.text.HAL_NVIC_SystemReset), (4 bytes).
    Removing stm32f1xx_hal_cortex.o(.ARM.exidx.text.HAL_NVIC_SystemReset), (8 bytes).
    Removing stm32f1xx_hal_cortex.o(.text.__NVIC_SystemReset), (36 bytes).
    Removing stm32f1xx_hal_cortex.o(.ARM.exidx.text.__NVIC_SystemReset), (8 bytes).
    Removing stm32f1xx_hal_cortex.o(.ARM.exidx.text.HAL_SYSTICK_Config), (8 bytes).
    Removing stm32f1xx_hal_cortex.o(.text.HAL_NVIC_GetPriorityGrouping), (16 bytes).
    Removing stm32f1xx_hal_cortex.o(.ARM.exidx.text.HAL_NVIC_GetPriorityGrouping), (8 bytes).
    Removing stm32f1xx_hal_cortex.o(.text.HAL_NVIC_GetPriority), (90 bytes).
    Removing stm32f1xx_hal_cortex.o(.ARM.exidx.text.HAL_NVIC_GetPriority), (8 bytes).
    Removing stm32f1xx_hal_cortex.o(.text.HAL_NVIC_SetPendingIRQ), (32 bytes).
    Removing stm32f1xx_hal_cortex.o(.ARM.exidx.text.HAL_NVIC_SetPendingIRQ), (8 bytes).
    Removing stm32f1xx_hal_cortex.o(.text.HAL_NVIC_GetPendingIRQ), (36 bytes).
    Removing stm32f1xx_hal_cortex.o(.ARM.exidx.text.HAL_NVIC_GetPendingIRQ), (8 bytes).
    Removing stm32f1xx_hal_cortex.o(.text.HAL_NVIC_ClearPendingIRQ), (32 bytes).
    Removing stm32f1xx_hal_cortex.o(.ARM.exidx.text.HAL_NVIC_ClearPendingIRQ), (8 bytes).
    Removing stm32f1xx_hal_cortex.o(.text.HAL_NVIC_GetActive), (36 bytes).
    Removing stm32f1xx_hal_cortex.o(.ARM.exidx.text.HAL_NVIC_GetActive), (8 bytes).
    Removing stm32f1xx_hal_cortex.o(.ARM.exidx.text.HAL_SYSTICK_CLKSourceConfig), (8 bytes).
    Removing stm32f1xx_hal_cortex.o(.text.HAL_SYSTICK_IRQHandler), (4 bytes).
    Removing stm32f1xx_hal_cortex.o(.ARM.exidx.text.HAL_SYSTICK_IRQHandler), (8 bytes).
    Removing stm32f1xx_hal_cortex.o(.text.HAL_SYSTICK_Callback), (2 bytes).
    Removing stm32f1xx_hal_cortex.o(.ARM.exidx.text.HAL_SYSTICK_Callback), (8 bytes).
    Removing stm32f1xx_hal_dma.o(.text), (0 bytes).
    Removing stm32f1xx_hal_dma.o(.text.HAL_DMA_Init), (142 bytes).
    Removing stm32f1xx_hal_dma.o(.ARM.exidx.text.HAL_DMA_Init), (8 bytes).
    Removing stm32f1xx_hal_dma.o(.text.HAL_DMA_DeInit), (144 bytes).
    Removing stm32f1xx_hal_dma.o(.ARM.exidx.text.HAL_DMA_DeInit), (8 bytes).
    Removing stm32f1xx_hal_dma.o(.text.HAL_DMA_Start), (106 bytes).
    Removing stm32f1xx_hal_dma.o(.ARM.exidx.text.HAL_DMA_Start), (8 bytes).
    Removing stm32f1xx_hal_dma.o(.text.HAL_DMA_Start_IT), (152 bytes).
    Removing stm32f1xx_hal_dma.o(.ARM.exidx.text.HAL_DMA_Start_IT), (8 bytes).
    Removing stm32f1xx_hal_dma.o(.text.HAL_DMA_Abort), (64 bytes).
    Removing stm32f1xx_hal_dma.o(.ARM.exidx.text.HAL_DMA_Abort), (8 bytes).
    Removing stm32f1xx_hal_dma.o(.ARM.exidx.text.HAL_DMA_Abort_IT), (8 bytes).
    Removing stm32f1xx_hal_dma.o(.text.HAL_DMA_PollForTransfer), (1330 bytes).
    Removing stm32f1xx_hal_dma.o(.ARM.exidx.text.HAL_DMA_PollForTransfer), (8 bytes).
    Removing stm32f1xx_hal_dma.o(.text.HAL_DMA_IRQHandler), (630 bytes).
    Removing stm32f1xx_hal_dma.o(.ARM.exidx.text.HAL_DMA_IRQHandler), (8 bytes).
    Removing stm32f1xx_hal_dma.o(.text.HAL_DMA_RegisterCallback), (80 bytes).
    Removing stm32f1xx_hal_dma.o(.ARM.exidx.text.HAL_DMA_RegisterCallback), (8 bytes).
    Removing stm32f1xx_hal_dma.o(.text.HAL_DMA_UnRegisterCallback), (86 bytes).
    Removing stm32f1xx_hal_dma.o(.ARM.exidx.text.HAL_DMA_UnRegisterCallback), (8 bytes).
    Removing stm32f1xx_hal_dma.o(.text.HAL_DMA_GetState), (6 bytes).
    Removing stm32f1xx_hal_dma.o(.ARM.exidx.text.HAL_DMA_GetState), (8 bytes).
    Removing stm32f1xx_hal_dma.o(.text.HAL_DMA_GetError), (4 bytes).
    Removing stm32f1xx_hal_dma.o(.ARM.exidx.text.HAL_DMA_GetError), (8 bytes).
    Removing stm32f1xx_hal_gpio.o(.text), (0 bytes).
    Removing stm32f1xx_hal_gpio.o(.ARM.exidx.text.HAL_GPIO_Init), (8 bytes).
    Removing stm32f1xx_hal_gpio.o(.text.HAL_GPIO_DeInit), (236 bytes).
    Removing stm32f1xx_hal_gpio.o(.ARM.exidx.text.HAL_GPIO_DeInit), (8 bytes).
    Removing stm32f1xx_hal_gpio.o(.text.HAL_GPIO_ReadPin), (10 bytes).
    Removing stm32f1xx_hal_gpio.o(.ARM.exidx.text.HAL_GPIO_ReadPin), (8 bytes).
    Removing stm32f1xx_hal_gpio.o(.text.HAL_GPIO_WritePin), (10 bytes).
    Removing stm32f1xx_hal_gpio.o(.ARM.exidx.text.HAL_GPIO_WritePin), (8 bytes).
    Removing stm32f1xx_hal_gpio.o(.text.HAL_GPIO_TogglePin), (16 bytes).
    Removing stm32f1xx_hal_gpio.o(.ARM.exidx.text.HAL_GPIO_TogglePin), (8 bytes).
    Removing stm32f1xx_hal_gpio.o(.text.HAL_GPIO_LockPin), (40 bytes).
    Removing stm32f1xx_hal_gpio.o(.ARM.exidx.text.HAL_GPIO_LockPin), (8 bytes).
    Removing stm32f1xx_hal_gpio.o(.text.HAL_GPIO_EXTI_IRQHandler), (22 bytes).
    Removing stm32f1xx_hal_gpio.o(.ARM.exidx.text.HAL_GPIO_EXTI_IRQHandler), (8 bytes).
    Removing stm32f1xx_hal_gpio.o(.text.HAL_GPIO_EXTI_Callback), (2 bytes).
    Removing stm32f1xx_hal_gpio.o(.ARM.exidx.text.HAL_GPIO_EXTI_Callback), (8 bytes).
    Removing stm32f1xx_hal_gpio_ex.o(.text), (0 bytes).
    Removing stm32f1xx_hal_gpio_ex.o(.text.HAL_GPIOEx_ConfigEventout), (20 bytes).
    Removing stm32f1xx_hal_gpio_ex.o(.ARM.exidx.text.HAL_GPIOEx_ConfigEventout), (8 bytes).
    Removing stm32f1xx_hal_gpio_ex.o(.text.HAL_GPIOEx_EnableEventout), (16 bytes).
    Removing stm32f1xx_hal_gpio_ex.o(.ARM.exidx.text.HAL_GPIOEx_EnableEventout), (8 bytes).
    Removing stm32f1xx_hal_gpio_ex.o(.text.HAL_GPIOEx_DisableEventout), (16 bytes).
    Removing stm32f1xx_hal_gpio_ex.o(.ARM.exidx.text.HAL_GPIOEx_DisableEventout), (8 bytes).
    Removing stm32f1xx_hal_rcc.o(.text), (0 bytes).
    Removing stm32f1xx_hal_rcc.o(.text.HAL_RCC_DeInit), (230 bytes).
    Removing stm32f1xx_hal_rcc.o(.ARM.exidx.text.HAL_RCC_DeInit), (8 bytes).
    Removing stm32f1xx_hal_rcc.o(.ARM.exidx.text.HAL_RCC_OscConfig), (8 bytes).
    Removing stm32f1xx_hal_rcc.o(.ARM.exidx.text.HAL_RCC_ClockConfig), (8 bytes).
    Removing stm32f1xx_hal_rcc.o(.text.HAL_RCC_GetSysClockFreq), (86 bytes).
    Removing stm32f1xx_hal_rcc.o(.ARM.exidx.text.HAL_RCC_GetSysClockFreq), (8 bytes).
    Removing stm32f1xx_hal_rcc.o(.text.HAL_RCC_MCOConfig), (82 bytes).
    Removing stm32f1xx_hal_rcc.o(.ARM.exidx.text.HAL_RCC_MCOConfig), (8 bytes).
    Removing stm32f1xx_hal_rcc.o(.text.HAL_RCC_EnableCSS), (12 bytes).
    Removing stm32f1xx_hal_rcc.o(.ARM.exidx.text.HAL_RCC_EnableCSS), (8 bytes).
    Removing stm32f1xx_hal_rcc.o(.text.HAL_RCC_DisableCSS), (12 bytes).
    Removing stm32f1xx_hal_rcc.o(.ARM.exidx.text.HAL_RCC_DisableCSS), (8 bytes).
    Removing stm32f1xx_hal_rcc.o(.text.HAL_RCC_GetHCLKFreq), (12 bytes).
    Removing stm32f1xx_hal_rcc.o(.ARM.exidx.text.HAL_RCC_GetHCLKFreq), (8 bytes).
    Removing stm32f1xx_hal_rcc.o(.ARM.exidx.text.HAL_RCC_GetPCLK1Freq), (8 bytes).
    Removing stm32f1xx_hal_rcc.o(.ARM.exidx.text.HAL_RCC_GetPCLK2Freq), (8 bytes).
    Removing stm32f1xx_hal_rcc.o(.text.HAL_RCC_GetOscConfig), (126 bytes).
    Removing stm32f1xx_hal_rcc.o(.ARM.exidx.text.HAL_RCC_GetOscConfig), (8 bytes).
    Removing stm32f1xx_hal_rcc.o(.text.HAL_RCC_GetClockConfig), (66 bytes).
    Removing stm32f1xx_hal_rcc.o(.ARM.exidx.text.HAL_RCC_GetClockConfig), (8 bytes).
    Removing stm32f1xx_hal_rcc.o(.text.HAL_RCC_NMI_IRQHandler), (28 bytes).
    Removing stm32f1xx_hal_rcc.o(.ARM.exidx.text.HAL_RCC_NMI_IRQHandler), (8 bytes).
    Removing stm32f1xx_hal_rcc.o(.text.HAL_RCC_CSSCallback), (2 bytes).
    Removing stm32f1xx_hal_rcc.o(.ARM.exidx.text.HAL_RCC_CSSCallback), (8 bytes).
    Removing stm32f1xx_hal_rcc_ex.o(.text), (0 bytes).
    Removing stm32f1xx_hal_rcc_ex.o(.text.HAL_RCCEx_PeriphCLKConfig), (262 bytes).
    Removing stm32f1xx_hal_rcc_ex.o(.ARM.exidx.text.HAL_RCCEx_PeriphCLKConfig), (8 bytes).
    Removing stm32f1xx_hal_rcc_ex.o(.text.HAL_RCCEx_GetPeriphCLKConfig), (44 bytes).
    Removing stm32f1xx_hal_rcc_ex.o(.ARM.exidx.text.HAL_RCCEx_GetPeriphCLKConfig), (8 bytes).
    Removing stm32f1xx_hal_rcc_ex.o(.text.HAL_RCCEx_GetPeriphCLKFreq), (272 bytes).
    Removing stm32f1xx_hal_rcc_ex.o(.ARM.exidx.text.HAL_RCCEx_GetPeriphCLKFreq), (8 bytes).
    Removing stm32f1xx_hal_uart.o(.text), (0 bytes).
    Removing stm32f1xx_hal_uart.o(.ARM.exidx.text.HAL_UART_Init), (8 bytes).
    Removing stm32f1xx_hal_uart.o(.text.HAL_UART_MspInit), (2 bytes).
    Removing stm32f1xx_hal_uart.o(.ARM.exidx.text.HAL_UART_MspInit), (8 bytes).
    Removing stm32f1xx_hal_uart.o(.text.HAL_HalfDuplex_Init), (230 bytes).
    Removing stm32f1xx_hal_uart.o(.ARM.exidx.text.HAL_HalfDuplex_Init), (8 bytes).
    Removing stm32f1xx_hal_uart.o(.text.HAL_LIN_Init), (246 bytes).
    Removing stm32f1xx_hal_uart.o(.ARM.exidx.text.HAL_LIN_Init), (8 bytes).
    Removing stm32f1xx_hal_uart.o(.text.HAL_MultiProcessor_Init), (254 bytes).
    Removing stm32f1xx_hal_uart.o(.ARM.exidx.text.HAL_MultiProcessor_Init), (8 bytes).
    Removing stm32f1xx_hal_uart.o(.text.HAL_UART_DeInit), (52 bytes).
    Removing stm32f1xx_hal_uart.o(.ARM.exidx.text.HAL_UART_DeInit), (8 bytes).
    Removing stm32f1xx_hal_uart.o(.text.HAL_UART_MspDeInit), (2 bytes).
    Removing stm32f1xx_hal_uart.o(.ARM.exidx.text.HAL_UART_MspDeInit), (8 bytes).
    Removing stm32f1xx_hal_uart.o(.ARM.exidx.text.HAL_UART_Transmit), (8 bytes).
    Removing stm32f1xx_hal_uart.o(.text.HAL_UART_Receive), (278 bytes).
    Removing stm32f1xx_hal_uart.o(.ARM.exidx.text.HAL_UART_Receive), (8 bytes).
    Removing stm32f1xx_hal_uart.o(.text.HAL_UART_Transmit_IT), (68 bytes).
    Removing stm32f1xx_hal_uart.o(.ARM.exidx.text.HAL_UART_Transmit_IT), (8 bytes).
    Removing stm32f1xx_hal_uart.o(.ARM.exidx.text.HAL_UART_Receive_IT), (8 bytes).
    Removing stm32f1xx_hal_uart.o(.text.HAL_UART_Transmit_DMA), (122 bytes).
    Removing stm32f1xx_hal_uart.o(.ARM.exidx.text.HAL_UART_Transmit_DMA), (8 bytes).
    Removing stm32f1xx_hal_uart.o(.text.UART_DMATransmitCplt), (38 bytes).
    Removing stm32f1xx_hal_uart.o(.ARM.exidx.text.UART_DMATransmitCplt), (8 bytes).
    Removing stm32f1xx_hal_uart.o(.text.UART_DMATxHalfCplt), (6 bytes).
    Removing stm32f1xx_hal_uart.o(.ARM.exidx.text.UART_DMATxHalfCplt), (8 bytes).
    Removing stm32f1xx_hal_uart.o(.text.UART_DMAError), (92 bytes).
    Removing stm32f1xx_hal_uart.o(.ARM.exidx.text.UART_DMAError), (8 bytes).
    Removing stm32f1xx_hal_uart.o(.text.HAL_UART_Receive_DMA), (156 bytes).
    Removing stm32f1xx_hal_uart.o(.ARM.exidx.text.HAL_UART_Receive_DMA), (8 bytes).
    Removing stm32f1xx_hal_uart.o(.text.UART_DMAReceiveCplt), (54 bytes).
    Removing stm32f1xx_hal_uart.o(.ARM.exidx.text.UART_DMAReceiveCplt), (8 bytes).
    Removing stm32f1xx_hal_uart.o(.text.UART_DMARxHalfCplt), (6 bytes).
    Removing stm32f1xx_hal_uart.o(.ARM.exidx.text.UART_DMARxHalfCplt), (8 bytes).
    Removing stm32f1xx_hal_uart.o(.text.HAL_UART_DMAPause), (94 bytes).
    Removing stm32f1xx_hal_uart.o(.ARM.exidx.text.HAL_UART_DMAPause), (8 bytes).
    Removing stm32f1xx_hal_uart.o(.text.HAL_UART_DMAResume), (98 bytes).
    Removing stm32f1xx_hal_uart.o(.ARM.exidx.text.HAL_UART_DMAResume), (8 bytes).
    Removing stm32f1xx_hal_uart.o(.text.HAL_UART_DMAStop), (120 bytes).
    Removing stm32f1xx_hal_uart.o(.ARM.exidx.text.HAL_UART_DMAStop), (8 bytes).
    Removing stm32f1xx_hal_uart.o(.text.HAL_UART_Abort), (128 bytes).
    Removing stm32f1xx_hal_uart.o(.ARM.exidx.text.HAL_UART_Abort), (8 bytes).
    Removing stm32f1xx_hal_uart.o(.text.HAL_UART_AbortTransmit), (72 bytes).
    Removing stm32f1xx_hal_uart.o(.ARM.exidx.text.HAL_UART_AbortTransmit), (8 bytes).
    Removing stm32f1xx_hal_uart.o(.text.HAL_UART_AbortReceive), (80 bytes).
    Removing stm32f1xx_hal_uart.o(.ARM.exidx.text.HAL_UART_AbortReceive), (8 bytes).
    Removing stm32f1xx_hal_uart.o(.text.HAL_UART_Abort_IT), (166 bytes).
    Removing stm32f1xx_hal_uart.o(.ARM.exidx.text.HAL_UART_Abort_IT), (8 bytes).
    Removing stm32f1xx_hal_uart.o(.text.UART_DMATxAbortCallback), (40 bytes).
    Removing stm32f1xx_hal_uart.o(.ARM.exidx.text.UART_DMATxAbortCallback), (8 bytes).
    Removing stm32f1xx_hal_uart.o(.text.UART_DMARxAbortCallback), (40 bytes).
    Removing stm32f1xx_hal_uart.o(.ARM.exidx.text.UART_DMARxAbortCallback), (8 bytes).
    Removing stm32f1xx_hal_uart.o(.text.HAL_UART_AbortCpltCallback), (2 bytes).
    Removing stm32f1xx_hal_uart.o(.ARM.exidx.text.HAL_UART_AbortCpltCallback), (8 bytes).
    Removing stm32f1xx_hal_uart.o(.text.HAL_UART_AbortTransmit_IT), (100 bytes).
    Removing stm32f1xx_hal_uart.o(.ARM.exidx.text.HAL_UART_AbortTransmit_IT), (8 bytes).
    Removing stm32f1xx_hal_uart.o(.text.UART_DMATxOnlyAbortCallback), (16 bytes).
    Removing stm32f1xx_hal_uart.o(.ARM.exidx.text.UART_DMATxOnlyAbortCallback), (8 bytes).
    Removing stm32f1xx_hal_uart.o(.text.HAL_UART_AbortTransmitCpltCallback), (2 bytes).
    Removing stm32f1xx_hal_uart.o(.ARM.exidx.text.HAL_UART_AbortTransmitCpltCallback), (8 bytes).
    Removing stm32f1xx_hal_uart.o(.text.HAL_UART_AbortReceive_IT), (108 bytes).
    Removing stm32f1xx_hal_uart.o(.ARM.exidx.text.HAL_UART_AbortReceive_IT), (8 bytes).
    Removing stm32f1xx_hal_uart.o(.text.UART_DMARxOnlyAbortCallback), (16 bytes).
    Removing stm32f1xx_hal_uart.o(.ARM.exidx.text.UART_DMARxOnlyAbortCallback), (8 bytes).
    Removing stm32f1xx_hal_uart.o(.text.HAL_UART_AbortReceiveCpltCallback), (2 bytes).
    Removing stm32f1xx_hal_uart.o(.ARM.exidx.text.HAL_UART_AbortReceiveCpltCallback), (8 bytes).
    Removing stm32f1xx_hal_uart.o(.ARM.exidx.text.HAL_UART_IRQHandler), (8 bytes).
    Removing stm32f1xx_hal_uart.o(.ARM.exidx.text.UART_Receive_IT), (8 bytes).
    Removing stm32f1xx_hal_uart.o(.ARM.exidx.text.UART_DMAAbortOnError), (8 bytes).
    Removing stm32f1xx_hal_uart.o(.ARM.exidx.text.HAL_UART_ErrorCallback), (8 bytes).
    Removing stm32f1xx_hal_uart.o(.ARM.exidx.text.HAL_UART_TxCpltCallback), (8 bytes).
    Removing stm32f1xx_hal_uart.o(.text.HAL_UART_TxHalfCpltCallback), (2 bytes).
    Removing stm32f1xx_hal_uart.o(.ARM.exidx.text.HAL_UART_TxHalfCpltCallback), (8 bytes).
    Removing stm32f1xx_hal_uart.o(.text.HAL_UART_RxCpltCallback), (2 bytes).
    Removing stm32f1xx_hal_uart.o(.ARM.exidx.text.HAL_UART_RxCpltCallback), (8 bytes).
    Removing stm32f1xx_hal_uart.o(.text.HAL_UART_RxHalfCpltCallback), (2 bytes).
    Removing stm32f1xx_hal_uart.o(.ARM.exidx.text.HAL_UART_RxHalfCpltCallback), (8 bytes).
    Removing stm32f1xx_hal_uart.o(.text.HAL_LIN_SendBreak), (44 bytes).
    Removing stm32f1xx_hal_uart.o(.ARM.exidx.text.HAL_LIN_SendBreak), (8 bytes).
    Removing stm32f1xx_hal_uart.o(.text.HAL_MultiProcessor_EnterMuteMode), (44 bytes).
    Removing stm32f1xx_hal_uart.o(.ARM.exidx.text.HAL_MultiProcessor_EnterMuteMode), (8 bytes).
    Removing stm32f1xx_hal_uart.o(.text.HAL_MultiProcessor_ExitMuteMode), (44 bytes).
    Removing stm32f1xx_hal_uart.o(.ARM.exidx.text.HAL_MultiProcessor_ExitMuteMode), (8 bytes).
    Removing stm32f1xx_hal_uart.o(.text.HAL_HalfDuplex_EnableTransmitter), (44 bytes).
    Removing stm32f1xx_hal_uart.o(.ARM.exidx.text.HAL_HalfDuplex_EnableTransmitter), (8 bytes).
    Removing stm32f1xx_hal_uart.o(.text.HAL_HalfDuplex_EnableReceiver), (46 bytes).
    Removing stm32f1xx_hal_uart.o(.ARM.exidx.text.HAL_HalfDuplex_EnableReceiver), (8 bytes).
    Removing stm32f1xx_hal_uart.o(.text.HAL_UART_GetState), (14 bytes).
    Removing stm32f1xx_hal_uart.o(.ARM.exidx.text.HAL_UART_GetState), (8 bytes).
    Removing stm32f1xx_hal_uart.o(.text.HAL_UART_GetError), (4 bytes).
    Removing stm32f1xx_hal_uart.o(.ARM.exidx.text.HAL_UART_GetError), (8 bytes).
    Removing stm32f1xx_hal_usart.o(.text), (0 bytes).
    Removing stm32f1xx_hal_usart.o(.text.HAL_USART_Init), (238 bytes).
    Removing stm32f1xx_hal_usart.o(.ARM.exidx.text.HAL_USART_Init), (8 bytes).
    Removing stm32f1xx_hal_usart.o(.text.HAL_USART_MspInit), (2 bytes).
    Removing stm32f1xx_hal_usart.o(.ARM.exidx.text.HAL_USART_MspInit), (8 bytes).
    Removing stm32f1xx_hal_usart.o(.text.HAL_USART_DeInit), (48 bytes).
    Removing stm32f1xx_hal_usart.o(.ARM.exidx.text.HAL_USART_DeInit), (8 bytes).
    Removing stm32f1xx_hal_usart.o(.text.HAL_USART_MspDeInit), (2 bytes).
    Removing stm32f1xx_hal_usart.o(.ARM.exidx.text.HAL_USART_MspDeInit), (8 bytes).
    Removing stm32f1xx_hal_usart.o(.text.HAL_USART_Transmit), (318 bytes).
    Removing stm32f1xx_hal_usart.o(.ARM.exidx.text.HAL_USART_Transmit), (8 bytes).
    Removing stm32f1xx_hal_usart.o(.text.HAL_USART_Receive), (432 bytes).
    Removing stm32f1xx_hal_usart.o(.ARM.exidx.text.HAL_USART_Receive), (8 bytes).
    Removing stm32f1xx_hal_usart.o(.text.HAL_USART_TransmitReceive), (470 bytes).
    Removing stm32f1xx_hal_usart.o(.ARM.exidx.text.HAL_USART_TransmitReceive), (8 bytes).
    Removing stm32f1xx_hal_usart.o(.text.HAL_USART_Transmit_IT), (68 bytes).
    Removing stm32f1xx_hal_usart.o(.ARM.exidx.text.HAL_USART_Transmit_IT), (8 bytes).
    Removing stm32f1xx_hal_usart.o(.text.HAL_USART_Receive_IT), (82 bytes).
    Removing stm32f1xx_hal_usart.o(.ARM.exidx.text.HAL_USART_Receive_IT), (8 bytes).
    Removing stm32f1xx_hal_usart.o(.text.HAL_USART_TransmitReceive_IT), (120 bytes).
    Removing stm32f1xx_hal_usart.o(.ARM.exidx.text.HAL_USART_TransmitReceive_IT), (8 bytes).
    Removing stm32f1xx_hal_usart.o(.text.HAL_USART_Transmit_DMA), (122 bytes).
    Removing stm32f1xx_hal_usart.o(.ARM.exidx.text.HAL_USART_Transmit_DMA), (8 bytes).
    Removing stm32f1xx_hal_usart.o(.text.USART_DMATransmitCplt), (58 bytes).
    Removing stm32f1xx_hal_usart.o(.ARM.exidx.text.USART_DMATransmitCplt), (8 bytes).
    Removing stm32f1xx_hal_usart.o(.text.USART_DMATxHalfCplt), (6 bytes).
    Removing stm32f1xx_hal_usart.o(.ARM.exidx.text.USART_DMATxHalfCplt), (8 bytes).
    Removing stm32f1xx_hal_usart.o(.text.USART_DMAError), (96 bytes).
    Removing stm32f1xx_hal_usart.o(.ARM.exidx.text.USART_DMAError), (8 bytes).
    Removing stm32f1xx_hal_usart.o(.text.HAL_USART_Receive_DMA), (192 bytes).
    Removing stm32f1xx_hal_usart.o(.ARM.exidx.text.HAL_USART_Receive_DMA), (8 bytes).
    Removing stm32f1xx_hal_usart.o(.text.USART_DMAReceiveCplt), (108 bytes).
    Removing stm32f1xx_hal_usart.o(.ARM.exidx.text.USART_DMAReceiveCplt), (8 bytes).
    Removing stm32f1xx_hal_usart.o(.text.USART_DMARxHalfCplt), (6 bytes).
    Removing stm32f1xx_hal_usart.o(.ARM.exidx.text.USART_DMARxHalfCplt), (8 bytes).
    Removing stm32f1xx_hal_usart.o(.text.HAL_USART_TransmitReceive_DMA), (224 bytes).
    Removing stm32f1xx_hal_usart.o(.ARM.exidx.text.HAL_USART_TransmitReceive_DMA), (8 bytes).
    Removing stm32f1xx_hal_usart.o(.text.HAL_USART_DMAPause), (32 bytes).
    Removing stm32f1xx_hal_usart.o(.ARM.exidx.text.HAL_USART_DMAPause), (8 bytes).
    Removing stm32f1xx_hal_usart.o(.text.HAL_USART_DMAResume), (32 bytes).
    Removing stm32f1xx_hal_usart.o(.ARM.exidx.text.HAL_USART_DMAResume), (8 bytes).
    Removing stm32f1xx_hal_usart.o(.text.HAL_USART_DMAStop), (120 bytes).
    Removing stm32f1xx_hal_usart.o(.ARM.exidx.text.HAL_USART_DMAStop), (8 bytes).
    Removing stm32f1xx_hal_usart.o(.text.HAL_USART_Abort), (94 bytes).
    Removing stm32f1xx_hal_usart.o(.ARM.exidx.text.HAL_USART_Abort), (8 bytes).
    Removing stm32f1xx_hal_usart.o(.text.HAL_USART_Abort_IT), (162 bytes).
    Removing stm32f1xx_hal_usart.o(.ARM.exidx.text.HAL_USART_Abort_IT), (8 bytes).
    Removing stm32f1xx_hal_usart.o(.text.USART_DMATxAbortCallback), (36 bytes).
    Removing stm32f1xx_hal_usart.o(.ARM.exidx.text.USART_DMATxAbortCallback), (8 bytes).
    Removing stm32f1xx_hal_usart.o(.text.USART_DMARxAbortCallback), (36 bytes).
    Removing stm32f1xx_hal_usart.o(.ARM.exidx.text.USART_DMARxAbortCallback), (8 bytes).
    Removing stm32f1xx_hal_usart.o(.text.HAL_USART_AbortCpltCallback), (2 bytes).
    Removing stm32f1xx_hal_usart.o(.ARM.exidx.text.HAL_USART_AbortCpltCallback), (8 bytes).
    Removing stm32f1xx_hal_usart.o(.text.HAL_USART_IRQHandler), (452 bytes).
    Removing stm32f1xx_hal_usart.o(.ARM.exidx.text.HAL_USART_IRQHandler), (8 bytes).
    Removing stm32f1xx_hal_usart.o(.text.USART_Receive_IT), (152 bytes).
    Removing stm32f1xx_hal_usart.o(.ARM.exidx.text.USART_Receive_IT), (8 bytes).
    Removing stm32f1xx_hal_usart.o(.text.USART_TransmitReceive_IT), (196 bytes).
    Removing stm32f1xx_hal_usart.o(.ARM.exidx.text.USART_TransmitReceive_IT), (8 bytes).
    Removing stm32f1xx_hal_usart.o(.text.USART_DMAAbortOnError), (12 bytes).
    Removing stm32f1xx_hal_usart.o(.ARM.exidx.text.USART_DMAAbortOnError), (8 bytes).
    Removing stm32f1xx_hal_usart.o(.text.HAL_USART_ErrorCallback), (2 bytes).
    Removing stm32f1xx_hal_usart.o(.ARM.exidx.text.HAL_USART_ErrorCallback), (8 bytes).
    Removing stm32f1xx_hal_usart.o(.text.HAL_USART_TxCpltCallback), (2 bytes).
    Removing stm32f1xx_hal_usart.o(.ARM.exidx.text.HAL_USART_TxCpltCallback), (8 bytes).
    Removing stm32f1xx_hal_usart.o(.text.HAL_USART_TxHalfCpltCallback), (2 bytes).
    Removing stm32f1xx_hal_usart.o(.ARM.exidx.text.HAL_USART_TxHalfCpltCallback), (8 bytes).
    Removing stm32f1xx_hal_usart.o(.text.HAL_USART_RxCpltCallback), (2 bytes).
    Removing stm32f1xx_hal_usart.o(.ARM.exidx.text.HAL_USART_RxCpltCallback), (8 bytes).
    Removing stm32f1xx_hal_usart.o(.text.HAL_USART_RxHalfCpltCallback), (2 bytes).
    Removing stm32f1xx_hal_usart.o(.ARM.exidx.text.HAL_USART_RxHalfCpltCallback), (8 bytes).
    Removing stm32f1xx_hal_usart.o(.text.HAL_USART_TxRxCpltCallback), (2 bytes).
    Removing stm32f1xx_hal_usart.o(.ARM.exidx.text.HAL_USART_TxRxCpltCallback), (8 bytes).
    Removing stm32f1xx_hal_usart.o(.text.HAL_USART_GetState), (6 bytes).
    Removing stm32f1xx_hal_usart.o(.ARM.exidx.text.HAL_USART_GetState), (8 bytes).
    Removing stm32f1xx_hal_usart.o(.text.HAL_USART_GetError), (4 bytes).
    Removing stm32f1xx_hal_usart.o(.ARM.exidx.text.HAL_USART_GetError), (8 bytes).
    Removing bsp_usart.o(.text), (0 bytes).
    Removing bsp_usart.o(.ARM.exidx.text.USART_Config), (8 bytes).

381 unused section(s) (total 14384 bytes) removed from the image.

==============================================================================

Image Symbol Table

    Local Symbols

    Symbol Name                              Value     Ov Type        Size  Object(Section)

    ../../Drivers/CMSIS/Device/ST/STM32F1xx/Source/Templates/arm/startup_stm32f103xe.s 0x00000000   Number         0  startup_stm32f103xe.o ABSOLUTE
    ../clib/angel/boardlib.s                 0x00000000   Number         0  boardinit1.o ABSOLUTE
    ../clib/angel/boardlib.s                 0x00000000   Number         0  boardinit2.o ABSOLUTE
    ../clib/angel/boardlib.s                 0x00000000   Number         0  boardinit3.o ABSOLUTE
    ../clib/angel/boardlib.s                 0x00000000   Number         0  boardshut.o ABSOLUTE
    ../clib/angel/handlers.s                 0x00000000   Number         0  __scatter_copy.o ABSOLUTE
    ../clib/angel/handlers.s                 0x00000000   Number         0  __scatter_zi.o ABSOLUTE
    ../clib/angel/kernel.s                   0x00000000   Number         0  __rtentry.o ABSOLUTE
    ../clib/angel/kernel.s                   0x00000000   Number         0  __rtentry2.o ABSOLUTE
    ../clib/angel/kernel.s                   0x00000000   Number         0  __rtentry4.o ABSOLUTE
    ../clib/angel/kernel.s                   0x00000000   Number         0  rtexit.o ABSOLUTE
    ../clib/angel/kernel.s                   0x00000000   Number         0  rtexit2.o ABSOLUTE
    ../clib/angel/rt.s                       0x00000000   Number         0  rt_raise.o ABSOLUTE
    ../clib/angel/scatter.s                  0x00000000   Number         0  __scatter.o ABSOLUTE
    ../clib/angel/startup.s                  0x00000000   Number         0  __main.o ABSOLUTE
    ../clib/angel/sys.s                      0x00000000   Number         0  use_no_semi_2.o ABSOLUTE
    ../clib/angel/sys.s                      0x00000000   Number         0  use_no_semi.o ABSOLUTE
    ../clib/angel/sys.s                      0x00000000   Number         0  sys_stackheap_outer.o ABSOLUTE
    ../clib/angel/sys.s                      0x00000000   Number         0  libspace.o ABSOLUTE
    ../clib/armsys.c                         0x00000000   Number         0  argv_veneer.o ABSOLUTE
    ../clib/armsys.c                         0x00000000   Number         0  argv_veneer.o ABSOLUTE
    ../clib/armsys.c                         0x00000000   Number         0  _get_argv_nomalloc.o ABSOLUTE
    ../clib/armsys.c                         0x00000000   Number         0  no_argv.o ABSOLUTE
    ../clib/heapalloc.c                      0x00000000   Number         0  hrguard.o ABSOLUTE
    ../clib/heapaux.c                        0x00000000   Number         0  heapauxi.o ABSOLUTE
    ../clib/libinit.s                        0x00000000   Number         0  libinit.o ABSOLUTE
    ../clib/libinit.s                        0x00000000   Number         0  libinit2.o ABSOLUTE
    ../clib/libinit.s                        0x00000000   Number         0  libshutdown.o ABSOLUTE
    ../clib/libinit.s                        0x00000000   Number         0  libshutdown2.o ABSOLUTE
    ../clib/signal.c                         0x00000000   Number         0  defsig_rtmem_outer.o ABSOLUTE
    ../clib/signal.c                         0x00000000   Number         0  defsig_rtmem_formal.o ABSOLUTE
    ../clib/signal.c                         0x00000000   Number         0  defsig_exit.o ABSOLUTE
    ../clib/signal.c                         0x00000000   Number         0  defsig_rtmem_inner.o ABSOLUTE
    ../clib/signal.c                         0x00000000   Number         0  __raise.o ABSOLUTE
    ../clib/signal.c                         0x00000000   Number         0  defsig_general.o ABSOLUTE
    ../clib/signal.c                         0x00000000   Number         0  defsig_abrt_inner.o ABSOLUTE
    ../clib/signal.c                         0x00000000   Number         0  defsig_fpe_inner.o ABSOLUTE
    ../clib/signal.c                         0x00000000   Number         0  defsig_rtred_inner.o ABSOLUTE
    ../clib/signal.c                         0x00000000   Number         0  defsig_stak_inner.o ABSOLUTE
    ../clib/signal.c                         0x00000000   Number         0  defsig_pvfn_inner.o ABSOLUTE
    ../clib/signal.c                         0x00000000   Number         0  defsig_cppl_inner.o ABSOLUTE
    ../clib/signal.c                         0x00000000   Number         0  defsig_segv_inner.o ABSOLUTE
    ../clib/signal.c                         0x00000000   Number         0  defsig_other.o ABSOLUTE
    ../clib/signal.s                         0x00000000   Number         0  defsig.o ABSOLUTE
    ../clib/stdlib.c                         0x00000000   Number         0  exit.o ABSOLUTE
    ../fplib/fpinit.s                        0x00000000   Number         0  fpinit.o ABSOLUTE
    ../fplib/fpinit_empty.s                  0x00000000   Number         0  fpinit_empty.o ABSOLUTE
    BSP_USART.c                              0x00000000   Number         0  bsp_usart.o ABSOLUTE
    dc.s                                     0x00000000   Number         0  dc.o ABSOLUTE
    delay.c                                  0x00000000   Number         0  delay.o ABSOLUTE
    main.c                                   0x00000000   Number         0  main_1.o ABSOLUTE
    stm32f1xx_hal.c                          0x00000000   Number         0  stm32f1xx_hal.o ABSOLUTE
    stm32f1xx_hal_cortex.c                   0x00000000   Number         0  stm32f1xx_hal_cortex.o ABSOLUTE
    stm32f1xx_hal_dma.c                      0x00000000   Number         0  stm32f1xx_hal_dma.o ABSOLUTE
    stm32f1xx_hal_gpio.c                     0x00000000   Number         0  stm32f1xx_hal_gpio.o ABSOLUTE
    stm32f1xx_hal_gpio_ex.c                  0x00000000   Number         0  stm32f1xx_hal_gpio_ex.o ABSOLUTE
    stm32f1xx_hal_rcc.c                      0x00000000   Number         0  stm32f1xx_hal_rcc.o ABSOLUTE
    stm32f1xx_hal_rcc_ex.c                   0x00000000   Number         0  stm32f1xx_hal_rcc_ex.o ABSOLUTE
    stm32f1xx_hal_uart.c                     0x00000000   Number         0  stm32f1xx_hal_uart.o ABSOLUTE
    stm32f1xx_hal_usart.c                    0x00000000   Number         0  stm32f1xx_hal_usart.o ABSOLUTE
    stm32f1xx_it.c                           0x00000000   Number         0  stm32f1xx_it.o ABSOLUTE
    sys.c                                    0x00000000   Number         0  sys.o ABSOLUTE
    system_stm32f1xx.c                       0x00000000   Number         0  system_stm32f1xx.o ABSOLUTE
    usart.c                                  0x00000000   Number         0  usart.o ABSOLUTE
    RESET                                    0x08000000   Section      304  startup_stm32f103xe.o(RESET)
    !!!main                                  0x08000130   Section        8  __main.o(!!!main)
    !!!scatter                               0x08000138   Section       52  __scatter.o(!!!scatter)
    !!handler_copy                           0x0800016c   Section       26  __scatter_copy.o(!!handler_copy)
    !!handler_zi                             0x08000188   Section       28  __scatter_zi.o(!!handler_zi)
    .ARM.Collect$$libinit$$00000000          0x080001a4   Section        2  libinit.o(.ARM.Collect$$libinit$$00000000)
    .ARM.Collect$$libinit$$00000002          0x080001a6   Section        0  libinit2.o(.ARM.Collect$$libinit$$00000002)
    .ARM.Collect$$libinit$$00000004          0x080001a6   Section        0  libinit2.o(.ARM.Collect$$libinit$$00000004)
    .ARM.Collect$$libinit$$00000006          0x080001a6   Section        0  libinit2.o(.ARM.Collect$$libinit$$00000006)
    .ARM.Collect$$libinit$$0000000C          0x080001a6   Section        0  libinit2.o(.ARM.Collect$$libinit$$0000000C)
    .ARM.Collect$$libinit$$0000000E          0x080001a6   Section        0  libinit2.o(.ARM.Collect$$libinit$$0000000E)
    .ARM.Collect$$libinit$$00000010          0x080001a6   Section        0  libinit2.o(.ARM.Collect$$libinit$$00000010)
    .ARM.Collect$$libinit$$00000013          0x080001a6   Section        0  libinit2.o(.ARM.Collect$$libinit$$00000013)
    .ARM.Collect$$libinit$$00000015          0x080001a6   Section        0  libinit2.o(.ARM.Collect$$libinit$$00000015)
    .ARM.Collect$$libinit$$00000017          0x080001a6   Section        0  libinit2.o(.ARM.Collect$$libinit$$00000017)
    .ARM.Collect$$libinit$$00000019          0x080001a6   Section        0  libinit2.o(.ARM.Collect$$libinit$$00000019)
    .ARM.Collect$$libinit$$0000001B          0x080001a6   Section        0  libinit2.o(.ARM.Collect$$libinit$$0000001B)
    .ARM.Collect$$libinit$$0000001D          0x080001a6   Section        0  libinit2.o(.ARM.Collect$$libinit$$0000001D)
    .ARM.Collect$$libinit$$0000001F          0x080001a6   Section        0  libinit2.o(.ARM.Collect$$libinit$$0000001F)
    .ARM.Collect$$libinit$$00000021          0x080001a6   Section        0  libinit2.o(.ARM.Collect$$libinit$$00000021)
    .ARM.Collect$$libinit$$00000023          0x080001a6   Section        0  libinit2.o(.ARM.Collect$$libinit$$00000023)
    .ARM.Collect$$libinit$$00000025          0x080001a6   Section        0  libinit2.o(.ARM.Collect$$libinit$$00000025)
    .ARM.Collect$$libinit$$00000027          0x080001a6   Section        0  libinit2.o(.ARM.Collect$$libinit$$00000027)
    .ARM.Collect$$libinit$$0000002E          0x080001a6   Section        0  libinit2.o(.ARM.Collect$$libinit$$0000002E)
    .ARM.Collect$$libinit$$00000030          0x080001a6   Section        0  libinit2.o(.ARM.Collect$$libinit$$00000030)
    .ARM.Collect$$libinit$$00000032          0x080001a6   Section        0  libinit2.o(.ARM.Collect$$libinit$$00000032)
    .ARM.Collect$$libinit$$00000034          0x080001a6   Section        0  libinit2.o(.ARM.Collect$$libinit$$00000034)
    .ARM.Collect$$libinit$$00000035          0x080001a6   Section        2  libinit2.o(.ARM.Collect$$libinit$$00000035)
    .ARM.Collect$$libshutdown$$00000000      0x080001a8   Section        2  libshutdown.o(.ARM.Collect$$libshutdown$$00000000)
    .ARM.Collect$$libshutdown$$00000002      0x080001aa   Section        0  libshutdown2.o(.ARM.Collect$$libshutdown$$00000002)
    .ARM.Collect$$libshutdown$$00000004      0x080001aa   Section        0  libshutdown2.o(.ARM.Collect$$libshutdown$$00000004)
    .ARM.Collect$$libshutdown$$00000007      0x080001aa   Section        0  libshutdown2.o(.ARM.Collect$$libshutdown$$00000007)
    .ARM.Collect$$libshutdown$$0000000A      0x080001aa   Section        0  libshutdown2.o(.ARM.Collect$$libshutdown$$0000000A)
    .ARM.Collect$$libshutdown$$0000000C      0x080001aa   Section        0  libshutdown2.o(.ARM.Collect$$libshutdown$$0000000C)
    .ARM.Collect$$libshutdown$$0000000F      0x080001aa   Section        0  libshutdown2.o(.ARM.Collect$$libshutdown$$0000000F)
    .ARM.Collect$$libshutdown$$00000010      0x080001aa   Section        2  libshutdown2.o(.ARM.Collect$$libshutdown$$00000010)
    .ARM.Collect$$rtentry$$00000000          0x080001ac   Section        0  __rtentry.o(.ARM.Collect$$rtentry$$00000000)
    .ARM.Collect$$rtentry$$00000002          0x080001ac   Section        0  __rtentry2.o(.ARM.Collect$$rtentry$$00000002)
    .ARM.Collect$$rtentry$$00000004          0x080001ac   Section        6  __rtentry4.o(.ARM.Collect$$rtentry$$00000004)
    .ARM.Collect$$rtentry$$00000009          0x080001b2   Section        0  __rtentry2.o(.ARM.Collect$$rtentry$$00000009)
    .ARM.Collect$$rtentry$$0000000A          0x080001b2   Section        4  __rtentry2.o(.ARM.Collect$$rtentry$$0000000A)
    .ARM.Collect$$rtentry$$0000000C          0x080001b6   Section        0  __rtentry2.o(.ARM.Collect$$rtentry$$0000000C)
    .ARM.Collect$$rtentry$$0000000D          0x080001b6   Section        8  __rtentry2.o(.ARM.Collect$$rtentry$$0000000D)
    .ARM.Collect$$rtexit$$00000000           0x080001be   Section        2  rtexit.o(.ARM.Collect$$rtexit$$00000000)
    .ARM.Collect$$rtexit$$00000002           0x080001c0   Section        0  rtexit2.o(.ARM.Collect$$rtexit$$00000002)
    .ARM.Collect$$rtexit$$00000003           0x080001c0   Section        4  rtexit2.o(.ARM.Collect$$rtexit$$00000003)
    .ARM.Collect$$rtexit$$00000004           0x080001c4   Section        6  rtexit2.o(.ARM.Collect$$rtexit$$00000004)
    .text                                    0x080001cc   Section       64  startup_stm32f103xe.o(.text)
    .text                                    0x0800020c   Section        2  use_no_semi_2.o(.text)
    .text                                    0x0800020e   Section        0  heapauxi.o(.text)
    .text                                    0x08000214   Section        2  use_no_semi.o(.text)
    .text                                    0x08000216   Section       74  sys_stackheap_outer.o(.text)
    .text                                    0x08000260   Section        0  exit.o(.text)
    .text                                    0x08000274   Section        8  libspace.o(.text)
    [Anonymous Symbol]                       0x0800027c   Section        0  stm32f1xx_it.o(.text.BusFault_Handler)
    [Anonymous Symbol]                       0x08000280   Section        0  stm32f1xx_it.o(.text.DebugMon_Handler)
    [Anonymous Symbol]                       0x08000284   Section        0  stm32f1xx_hal_dma.o(.text.HAL_DMA_Abort_IT)
    [Anonymous Symbol]                       0x080003a0   Section        0  stm32f1xx_hal_gpio.o(.text.HAL_GPIO_Init)
    [Anonymous Symbol]                       0x08000584   Section        0  stm32f1xx_hal.o(.text.HAL_GetTick)
    [Anonymous Symbol]                       0x08000590   Section        0  stm32f1xx_hal.o(.text.HAL_IncTick)
    [Anonymous Symbol]                       0x080005ac   Section        0  stm32f1xx_hal.o(.text.HAL_Init)
    [Anonymous Symbol]                       0x080005d4   Section        0  stm32f1xx_hal.o(.text.HAL_InitTick)
    [Anonymous Symbol]                       0x08000624   Section        0  stm32f1xx_hal.o(.text.HAL_MspInit)
    [Anonymous Symbol]                       0x08000628   Section        0  stm32f1xx_hal_cortex.o(.text.HAL_NVIC_EnableIRQ)
    [Anonymous Symbol]                       0x08000648   Section        0  stm32f1xx_hal_cortex.o(.text.HAL_NVIC_SetPriority)
    [Anonymous Symbol]                       0x080006a0   Section        0  stm32f1xx_hal_cortex.o(.text.HAL_NVIC_SetPriorityGrouping)
    [Anonymous Symbol]                       0x080006c0   Section        0  stm32f1xx_hal_rcc.o(.text.HAL_RCC_ClockConfig)
    [Anonymous Symbol]                       0x0800087c   Section        0  stm32f1xx_hal_rcc.o(.text.HAL_RCC_GetPCLK1Freq)
    [Anonymous Symbol]                       0x080008a4   Section        0  stm32f1xx_hal_rcc.o(.text.HAL_RCC_GetPCLK2Freq)
    [Anonymous Symbol]                       0x080008cc   Section        0  stm32f1xx_hal_rcc.o(.text.HAL_RCC_OscConfig)
    [Anonymous Symbol]                       0x08000bfc   Section        0  stm32f1xx_hal_cortex.o(.text.HAL_SYSTICK_CLKSourceConfig)
    [Anonymous Symbol]                       0x08000c14   Section        0  stm32f1xx_hal_cortex.o(.text.HAL_SYSTICK_Config)
    [Anonymous Symbol]                       0x08000c40   Section        0  stm32f1xx_hal_uart.o(.text.HAL_UART_ErrorCallback)
    [Anonymous Symbol]                       0x08000c44   Section        0  stm32f1xx_hal_uart.o(.text.HAL_UART_IRQHandler)
    [Anonymous Symbol]                       0x08000dd4   Section        0  stm32f1xx_hal_uart.o(.text.HAL_UART_Init)
    [Anonymous Symbol]                       0x08000eb4   Section        0  usart.o(.text.HAL_UART_MspInit)
    [Anonymous Symbol]                       0x08000f50   Section        0  stm32f1xx_hal_uart.o(.text.HAL_UART_Receive_IT)
    [Anonymous Symbol]                       0x08000fa4   Section        0  usart.o(.text.HAL_UART_RxCpltCallback)
    [Anonymous Symbol]                       0x0800101c   Section        0  stm32f1xx_hal_uart.o(.text.HAL_UART_Transmit)
    [Anonymous Symbol]                       0x0800114c   Section        0  stm32f1xx_hal_uart.o(.text.HAL_UART_TxCpltCallback)
    [Anonymous Symbol]                       0x08001150   Section        0  stm32f1xx_it.o(.text.HardFault_Handler)
    [Anonymous Symbol]                       0x08001154   Section        0  stm32f1xx_it.o(.text.MemManage_Handler)
    [Anonymous Symbol]                       0x08001158   Section        0  stm32f1xx_it.o(.text.NMI_Handler)
    [Anonymous Symbol]                       0x0800115c   Section        0  stm32f1xx_it.o(.text.PendSV_Handler)
    [Anonymous Symbol]                       0x08001160   Section        0  stm32f1xx_it.o(.text.SVC_Handler)
    [Anonymous Symbol]                       0x08001164   Section        0  stm32f1xx_it.o(.text.SysTick_Handler)
    [Anonymous Symbol]                       0x08001168   Section        0  system_stm32f1xx.o(.text.SystemInit)
    UART_DMAAbortOnError                     0x080011b9   Thumb Code    12  stm32f1xx_hal_uart.o(.text.UART_DMAAbortOnError)
    [Anonymous Symbol]                       0x080011b8   Section        0  stm32f1xx_hal_uart.o(.text.UART_DMAAbortOnError)
    UART_Receive_IT                          0x080011c5   Thumb Code   124  stm32f1xx_hal_uart.o(.text.UART_Receive_IT)
    [Anonymous Symbol]                       0x080011c4   Section        0  stm32f1xx_hal_uart.o(.text.UART_Receive_IT)
    [Anonymous Symbol]                       0x08001240   Section        0  usart.o(.text.USART1_IRQHandler)
    [Anonymous Symbol]                       0x08001268   Section        0  bsp_usart.o(.text.USART_Config)
    [Anonymous Symbol]                       0x0800129c   Section        0  stm32f1xx_it.o(.text.UsageFault_Handler)
    [Anonymous Symbol]                       0x080012a0   Section        0  usart.o(.text._sys_exit)
    [Anonymous Symbol]                       0x080012a4   Section        0  delay.o(.text.delay_init)
    [Anonymous Symbol]                       0x080012c8   Section        0  main_1.o(.text.main)
    [Anonymous Symbol]                       0x08001314   Section        0  sys.o(.text.sys_stm32_clock_init)
    .L__const.HAL_RCC_GetSysClockFreq.aPredivFactorTable 0x0800135a   Data           2  stm32f1xx_hal_rcc.o(.rodata..L__const.HAL_RCC_GetSysClockFreq.aPredivFactorTable)
    .L__const.HAL_RCC_GetSysClockFreq.aPLLMULFactorTable 0x08001374   Data          16  stm32f1xx_hal_rcc.o(.rodata.cst16)
    .bss                                     0x20000010   Section       96  libspace.o(.bss)
    g_fac_us                                 0x200000b0   Data           2  delay.o(.bss.g_fac_us)
    [Anonymous Symbol]                       0x200000b0   Section        0  delay.o(.bss.g_fac_us)
    Heap_Mem                                 0x200001c8   Data         512  startup_stm32f103xe.o(HEAP)
    HEAP                                     0x200001c8   Section      512  startup_stm32f103xe.o(HEAP)
    Stack_Mem                                0x200003c8   Data        1024  startup_stm32f103xe.o(STACK)
    STACK                                    0x200003c8   Section     1024  startup_stm32f103xe.o(STACK)
    __initial_sp                             0x200007c8   Data           0  startup_stm32f103xe.o(STACK)

    Global Symbols

    Symbol Name                              Value     Ov Type        Size  Object(Section)

    BuildAttributes$$THM_ISAv4$P$D$K$B$S$PE$A:L22UL41UL21$X:L11$S22US41US21$IEEE1$IW$~IW$USESV6$~STKCKD$USESV7$~SHL$OTIME$ROPI$EBA8$UX$STANDARDLIB$REQ8$PRES8$EABIv2 0x00000000   Number         0  anon$$obj.o ABSOLUTE
    __fp_init_empty                          0x00000000   Number         0  fpinit_empty.o ABSOLUTE
    __ARM_exceptions_init                     - Undefined Weak Reference
    __alloca_initialize                       - Undefined Weak Reference
    __arm_preinit_                            - Undefined Weak Reference
    __arm_relocate_pie_                       - Undefined Weak Reference
    __cpp_initialize__aeabi_                  - Undefined Weak Reference
    __cxa_finalize                            - Undefined Weak Reference
    __rt_locale                               - Undefined Weak Reference
    __sigvec_lookup                           - Undefined Weak Reference
    _atexit_init                              - Undefined Weak Reference
    _call_atexit_fns                          - Undefined Weak Reference
    _clock_init                               - Undefined Weak Reference
    _fp_trap_init                             - Undefined Weak Reference
    _fp_trap_shutdown                         - Undefined Weak Reference
    _get_lc_collate                           - Undefined Weak Reference
    _get_lc_ctype                             - Undefined Weak Reference
    _get_lc_monetary                          - Undefined Weak Reference
    _get_lc_numeric                           - Undefined Weak Reference
    _get_lc_time                              - Undefined Weak Reference
    _getenv_init                              - Undefined Weak Reference
    _handle_redirection                       - Undefined Weak Reference
    _init_alloc                               - Undefined Weak Reference
    _init_user_alloc                          - Undefined Weak Reference
    _initio                                   - Undefined Weak Reference
    _rand_init                                - Undefined Weak Reference
    _signal_finish                            - Undefined Weak Reference
    _signal_init                              - Undefined Weak Reference
    _terminate_alloc                          - Undefined Weak Reference
    _terminate_user_alloc                     - Undefined Weak Reference
    _terminateio                              - Undefined Weak Reference
    __Vectors_Size                           0x00000130   Number         0  startup_stm32f103xe.o ABSOLUTE
    __Vectors                                0x08000000   Data           4  startup_stm32f103xe.o(RESET)
    __Vectors_End                            0x08000130   Data           0  startup_stm32f103xe.o(RESET)
    __main                                   0x08000131   Thumb Code     8  __main.o(!!!main)
    __scatterload                            0x08000139   Thumb Code     0  __scatter.o(!!!scatter)
    __scatterload_rt2                        0x08000139   Thumb Code    44  __scatter.o(!!!scatter)
    __scatterload_rt2_thumb_only             0x08000139   Thumb Code     0  __scatter.o(!!!scatter)
    __scatterload_null                       0x08000147   Thumb Code     0  __scatter.o(!!!scatter)
    __scatterload_copy                       0x0800016d   Thumb Code    26  __scatter_copy.o(!!handler_copy)
    __scatterload_zeroinit                   0x08000189   Thumb Code    28  __scatter_zi.o(!!handler_zi)
    __rt_lib_init                            0x080001a5   Thumb Code     0  libinit.o(.ARM.Collect$$libinit$$00000000)
    __rt_lib_init_alloca_1                   0x080001a7   Thumb Code     0  libinit2.o(.ARM.Collect$$libinit$$00000030)
    __rt_lib_init_argv_1                     0x080001a7   Thumb Code     0  libinit2.o(.ARM.Collect$$libinit$$0000002E)
    __rt_lib_init_atexit_1                   0x080001a7   Thumb Code     0  libinit2.o(.ARM.Collect$$libinit$$0000001D)
    __rt_lib_init_clock_1                    0x080001a7   Thumb Code     0  libinit2.o(.ARM.Collect$$libinit$$00000023)
    __rt_lib_init_cpp_1                      0x080001a7   Thumb Code     0  libinit2.o(.ARM.Collect$$libinit$$00000034)
    __rt_lib_init_exceptions_1               0x080001a7   Thumb Code     0  libinit2.o(.ARM.Collect$$libinit$$00000032)
    __rt_lib_init_fp_1                       0x080001a7   Thumb Code     0  libinit2.o(.ARM.Collect$$libinit$$00000002)
    __rt_lib_init_fp_trap_1                  0x080001a7   Thumb Code     0  libinit2.o(.ARM.Collect$$libinit$$00000021)
    __rt_lib_init_getenv_1                   0x080001a7   Thumb Code     0  libinit2.o(.ARM.Collect$$libinit$$00000025)
    __rt_lib_init_heap_1                     0x080001a7   Thumb Code     0  libinit2.o(.ARM.Collect$$libinit$$0000000C)
    __rt_lib_init_lc_collate_1               0x080001a7   Thumb Code     0  libinit2.o(.ARM.Collect$$libinit$$00000013)
    __rt_lib_init_lc_ctype_1                 0x080001a7   Thumb Code     0  libinit2.o(.ARM.Collect$$libinit$$00000015)
    __rt_lib_init_lc_monetary_1              0x080001a7   Thumb Code     0  libinit2.o(.ARM.Collect$$libinit$$00000017)
    __rt_lib_init_lc_numeric_1               0x080001a7   Thumb Code     0  libinit2.o(.ARM.Collect$$libinit$$00000019)
    __rt_lib_init_lc_time_1                  0x080001a7   Thumb Code     0  libinit2.o(.ARM.Collect$$libinit$$0000001B)
    __rt_lib_init_preinit_1                  0x080001a7   Thumb Code     0  libinit2.o(.ARM.Collect$$libinit$$00000006)
    __rt_lib_init_rand_1                     0x080001a7   Thumb Code     0  libinit2.o(.ARM.Collect$$libinit$$00000010)
    __rt_lib_init_relocate_pie_1             0x080001a7   Thumb Code     0  libinit2.o(.ARM.Collect$$libinit$$00000004)
    __rt_lib_init_return                     0x080001a7   Thumb Code     0  libinit2.o(.ARM.Collect$$libinit$$00000035)
    __rt_lib_init_signal_1                   0x080001a7   Thumb Code     0  libinit2.o(.ARM.Collect$$libinit$$0000001F)
    __rt_lib_init_stdio_1                    0x080001a7   Thumb Code     0  libinit2.o(.ARM.Collect$$libinit$$00000027)
    __rt_lib_init_user_alloc_1               0x080001a7   Thumb Code     0  libinit2.o(.ARM.Collect$$libinit$$0000000E)
    __rt_lib_shutdown                        0x080001a9   Thumb Code     0  libshutdown.o(.ARM.Collect$$libshutdown$$00000000)
    __rt_lib_shutdown_cpp_1                  0x080001ab   Thumb Code     0  libshutdown2.o(.ARM.Collect$$libshutdown$$00000002)
    __rt_lib_shutdown_fp_trap_1              0x080001ab   Thumb Code     0  libshutdown2.o(.ARM.Collect$$libshutdown$$00000007)
    __rt_lib_shutdown_heap_1                 0x080001ab   Thumb Code     0  libshutdown2.o(.ARM.Collect$$libshutdown$$0000000F)
    __rt_lib_shutdown_return                 0x080001ab   Thumb Code     0  libshutdown2.o(.ARM.Collect$$libshutdown$$00000010)
    __rt_lib_shutdown_signal_1               0x080001ab   Thumb Code     0  libshutdown2.o(.ARM.Collect$$libshutdown$$0000000A)
    __rt_lib_shutdown_stdio_1                0x080001ab   Thumb Code     0  libshutdown2.o(.ARM.Collect$$libshutdown$$00000004)
    __rt_lib_shutdown_user_alloc_1           0x080001ab   Thumb Code     0  libshutdown2.o(.ARM.Collect$$libshutdown$$0000000C)
    __rt_entry                               0x080001ad   Thumb Code     0  __rtentry.o(.ARM.Collect$$rtentry$$00000000)
    __rt_entry_presh_1                       0x080001ad   Thumb Code     0  __rtentry2.o(.ARM.Collect$$rtentry$$00000002)
    __rt_entry_sh                            0x080001ad   Thumb Code     0  __rtentry4.o(.ARM.Collect$$rtentry$$00000004)
    __rt_entry_li                            0x080001b3   Thumb Code     0  __rtentry2.o(.ARM.Collect$$rtentry$$0000000A)
    __rt_entry_postsh_1                      0x080001b3   Thumb Code     0  __rtentry2.o(.ARM.Collect$$rtentry$$00000009)
    __rt_entry_main                          0x080001b7   Thumb Code     0  __rtentry2.o(.ARM.Collect$$rtentry$$0000000D)
    __rt_entry_postli_1                      0x080001b7   Thumb Code     0  __rtentry2.o(.ARM.Collect$$rtentry$$0000000C)
    __rt_exit                                0x080001bf   Thumb Code     0  rtexit.o(.ARM.Collect$$rtexit$$00000000)
    __rt_exit_ls                             0x080001c1   Thumb Code     0  rtexit2.o(.ARM.Collect$$rtexit$$00000003)
    __rt_exit_prels_1                        0x080001c1   Thumb Code     0  rtexit2.o(.ARM.Collect$$rtexit$$00000002)
    __rt_exit_exit                           0x080001c5   Thumb Code     0  rtexit2.o(.ARM.Collect$$rtexit$$00000004)
    Reset_Handler                            0x080001cd   Thumb Code     8  startup_stm32f103xe.o(.text)
    ADC1_2_IRQHandler                        0x080001e7   Thumb Code     0  startup_stm32f103xe.o(.text)
    ADC3_IRQHandler                          0x080001e7   Thumb Code     0  startup_stm32f103xe.o(.text)
    CAN1_RX1_IRQHandler                      0x080001e7   Thumb Code     0  startup_stm32f103xe.o(.text)
    CAN1_SCE_IRQHandler                      0x080001e7   Thumb Code     0  startup_stm32f103xe.o(.text)
    DMA1_Channel1_IRQHandler                 0x080001e7   Thumb Code     0  startup_stm32f103xe.o(.text)
    DMA1_Channel2_IRQHandler                 0x080001e7   Thumb Code     0  startup_stm32f103xe.o(.text)
    DMA1_Channel3_IRQHandler                 0x080001e7   Thumb Code     0  startup_stm32f103xe.o(.text)
    DMA1_Channel4_IRQHandler                 0x080001e7   Thumb Code     0  startup_stm32f103xe.o(.text)
    DMA1_Channel5_IRQHandler                 0x080001e7   Thumb Code     0  startup_stm32f103xe.o(.text)
    DMA1_Channel6_IRQHandler                 0x080001e7   Thumb Code     0  startup_stm32f103xe.o(.text)
    DMA1_Channel7_IRQHandler                 0x080001e7   Thumb Code     0  startup_stm32f103xe.o(.text)
    DMA2_Channel1_IRQHandler                 0x080001e7   Thumb Code     0  startup_stm32f103xe.o(.text)
    DMA2_Channel2_IRQHandler                 0x080001e7   Thumb Code     0  startup_stm32f103xe.o(.text)
    DMA2_Channel3_IRQHandler                 0x080001e7   Thumb Code     0  startup_stm32f103xe.o(.text)
    DMA2_Channel4_5_IRQHandler               0x080001e7   Thumb Code     0  startup_stm32f103xe.o(.text)
    EXTI0_IRQHandler                         0x080001e7   Thumb Code     0  startup_stm32f103xe.o(.text)
    EXTI15_10_IRQHandler                     0x080001e7   Thumb Code     0  startup_stm32f103xe.o(.text)
    EXTI1_IRQHandler                         0x080001e7   Thumb Code     0  startup_stm32f103xe.o(.text)
    EXTI2_IRQHandler                         0x080001e7   Thumb Code     0  startup_stm32f103xe.o(.text)
    EXTI3_IRQHandler                         0x080001e7   Thumb Code     0  startup_stm32f103xe.o(.text)
    EXTI4_IRQHandler                         0x080001e7   Thumb Code     0  startup_stm32f103xe.o(.text)
    EXTI9_5_IRQHandler                       0x080001e7   Thumb Code     0  startup_stm32f103xe.o(.text)
    FLASH_IRQHandler                         0x080001e7   Thumb Code     0  startup_stm32f103xe.o(.text)
    FSMC_IRQHandler                          0x080001e7   Thumb Code     0  startup_stm32f103xe.o(.text)
    I2C1_ER_IRQHandler                       0x080001e7   Thumb Code     0  startup_stm32f103xe.o(.text)
    I2C1_EV_IRQHandler                       0x080001e7   Thumb Code     0  startup_stm32f103xe.o(.text)
    I2C2_ER_IRQHandler                       0x080001e7   Thumb Code     0  startup_stm32f103xe.o(.text)
    I2C2_EV_IRQHandler                       0x080001e7   Thumb Code     0  startup_stm32f103xe.o(.text)
    PVD_IRQHandler                           0x080001e7   Thumb Code     0  startup_stm32f103xe.o(.text)
    RCC_IRQHandler                           0x080001e7   Thumb Code     0  startup_stm32f103xe.o(.text)
    RTC_Alarm_IRQHandler                     0x080001e7   Thumb Code     0  startup_stm32f103xe.o(.text)
    RTC_IRQHandler                           0x080001e7   Thumb Code     0  startup_stm32f103xe.o(.text)
    SDIO_IRQHandler                          0x080001e7   Thumb Code     0  startup_stm32f103xe.o(.text)
    SPI1_IRQHandler                          0x080001e7   Thumb Code     0  startup_stm32f103xe.o(.text)
    SPI2_IRQHandler                          0x080001e7   Thumb Code     0  startup_stm32f103xe.o(.text)
    SPI3_IRQHandler                          0x080001e7   Thumb Code     0  startup_stm32f103xe.o(.text)
    TAMPER_IRQHandler                        0x080001e7   Thumb Code     0  startup_stm32f103xe.o(.text)
    TIM1_BRK_IRQHandler                      0x080001e7   Thumb Code     0  startup_stm32f103xe.o(.text)
    TIM1_CC_IRQHandler                       0x080001e7   Thumb Code     0  startup_stm32f103xe.o(.text)
    TIM1_TRG_COM_IRQHandler                  0x080001e7   Thumb Code     0  startup_stm32f103xe.o(.text)
    TIM1_UP_IRQHandler                       0x080001e7   Thumb Code     0  startup_stm32f103xe.o(.text)
    TIM2_IRQHandler                          0x080001e7   Thumb Code     0  startup_stm32f103xe.o(.text)
    TIM3_IRQHandler                          0x080001e7   Thumb Code     0  startup_stm32f103xe.o(.text)
    TIM4_IRQHandler                          0x080001e7   Thumb Code     0  startup_stm32f103xe.o(.text)
    TIM5_IRQHandler                          0x080001e7   Thumb Code     0  startup_stm32f103xe.o(.text)
    TIM6_IRQHandler                          0x080001e7   Thumb Code     0  startup_stm32f103xe.o(.text)
    TIM7_IRQHandler                          0x080001e7   Thumb Code     0  startup_stm32f103xe.o(.text)
    TIM8_BRK_IRQHandler                      0x080001e7   Thumb Code     0  startup_stm32f103xe.o(.text)
    TIM8_CC_IRQHandler                       0x080001e7   Thumb Code     0  startup_stm32f103xe.o(.text)
    TIM8_TRG_COM_IRQHandler                  0x080001e7   Thumb Code     0  startup_stm32f103xe.o(.text)
    TIM8_UP_IRQHandler                       0x080001e7   Thumb Code     0  startup_stm32f103xe.o(.text)
    UART4_IRQHandler                         0x080001e7   Thumb Code     0  startup_stm32f103xe.o(.text)
    UART5_IRQHandler                         0x080001e7   Thumb Code     0  startup_stm32f103xe.o(.text)
    USART2_IRQHandler                        0x080001e7   Thumb Code     0  startup_stm32f103xe.o(.text)
    USART3_IRQHandler                        0x080001e7   Thumb Code     0  startup_stm32f103xe.o(.text)
    USBWakeUp_IRQHandler                     0x080001e7   Thumb Code     0  startup_stm32f103xe.o(.text)
    USB_HP_CAN1_TX_IRQHandler                0x080001e7   Thumb Code     0  startup_stm32f103xe.o(.text)
    USB_LP_CAN1_RX0_IRQHandler               0x080001e7   Thumb Code     0  startup_stm32f103xe.o(.text)
    WWDG_IRQHandler                          0x080001e7   Thumb Code     0  startup_stm32f103xe.o(.text)
    __user_initial_stackheap                 0x080001e9   Thumb Code     0  startup_stm32f103xe.o(.text)
    __use_no_semihosting                     0x0800020d   Thumb Code     2  use_no_semi_2.o(.text)
    __use_two_region_memory                  0x0800020f   Thumb Code     2  heapauxi.o(.text)
    __rt_heap_escrow$2region                 0x08000211   Thumb Code     2  heapauxi.o(.text)
    __rt_heap_expand$2region                 0x08000213   Thumb Code     2  heapauxi.o(.text)
    __semihosting$guard                      0x08000215   Thumb Code     0  use_no_semi.o(.text)
    __use_no_semihosting_swi                 0x08000215   Thumb Code     2  use_no_semi.o(.text)
    __user_setup_stackheap                   0x08000217   Thumb Code    74  sys_stackheap_outer.o(.text)
    exit                                     0x08000261   Thumb Code    18  exit.o(.text)
    __user_libspace                          0x08000275   Thumb Code     8  libspace.o(.text)
    __user_perproc_libspace                  0x08000275   Thumb Code     0  libspace.o(.text)
    __user_perthread_libspace                0x08000275   Thumb Code     0  libspace.o(.text)
    BusFault_Handler                         0x0800027d   Thumb Code     2  stm32f1xx_it.o(.text.BusFault_Handler)
    DebugMon_Handler                         0x08000281   Thumb Code     2  stm32f1xx_it.o(.text.DebugMon_Handler)
    HAL_DMA_Abort_IT                         0x08000285   Thumb Code   282  stm32f1xx_hal_dma.o(.text.HAL_DMA_Abort_IT)
    HAL_GPIO_Init                            0x080003a1   Thumb Code   484  stm32f1xx_hal_gpio.o(.text.HAL_GPIO_Init)
    HAL_GetTick                              0x08000585   Thumb Code    12  stm32f1xx_hal.o(.text.HAL_GetTick)
    HAL_IncTick                              0x08000591   Thumb Code    26  stm32f1xx_hal.o(.text.HAL_IncTick)
    HAL_Init                                 0x080005ad   Thumb Code    38  stm32f1xx_hal.o(.text.HAL_Init)
    HAL_InitTick                             0x080005d5   Thumb Code    80  stm32f1xx_hal.o(.text.HAL_InitTick)
    HAL_MspInit                              0x08000625   Thumb Code     2  stm32f1xx_hal.o(.text.HAL_MspInit)
    HAL_NVIC_EnableIRQ                       0x08000629   Thumb Code    32  stm32f1xx_hal_cortex.o(.text.HAL_NVIC_EnableIRQ)
    HAL_NVIC_SetPriority                     0x08000649   Thumb Code    86  stm32f1xx_hal_cortex.o(.text.HAL_NVIC_SetPriority)
    HAL_NVIC_SetPriorityGrouping             0x080006a1   Thumb Code    32  stm32f1xx_hal_cortex.o(.text.HAL_NVIC_SetPriorityGrouping)
    HAL_RCC_ClockConfig                      0x080006c1   Thumb Code   442  stm32f1xx_hal_rcc.o(.text.HAL_RCC_ClockConfig)
    HAL_RCC_GetPCLK1Freq                     0x0800087d   Thumb Code    38  stm32f1xx_hal_rcc.o(.text.HAL_RCC_GetPCLK1Freq)
    HAL_RCC_GetPCLK2Freq                     0x080008a5   Thumb Code    38  stm32f1xx_hal_rcc.o(.text.HAL_RCC_GetPCLK2Freq)
    HAL_RCC_OscConfig                        0x080008cd   Thumb Code   816  stm32f1xx_hal_rcc.o(.text.HAL_RCC_OscConfig)
    HAL_SYSTICK_CLKSourceConfig              0x08000bfd   Thumb Code    24  stm32f1xx_hal_cortex.o(.text.HAL_SYSTICK_CLKSourceConfig)
    HAL_SYSTICK_Config                       0x08000c15   Thumb Code    44  stm32f1xx_hal_cortex.o(.text.HAL_SYSTICK_Config)
    HAL_UART_ErrorCallback                   0x08000c41   Thumb Code     2  stm32f1xx_hal_uart.o(.text.HAL_UART_ErrorCallback)
    HAL_UART_IRQHandler                      0x08000c45   Thumb Code   400  stm32f1xx_hal_uart.o(.text.HAL_UART_IRQHandler)
    HAL_UART_Init                            0x08000dd5   Thumb Code   222  stm32f1xx_hal_uart.o(.text.HAL_UART_Init)
    HAL_UART_MspInit                         0x08000eb5   Thumb Code   154  usart.o(.text.HAL_UART_MspInit)
    HAL_UART_Receive_IT                      0x08000f51   Thumb Code    84  stm32f1xx_hal_uart.o(.text.HAL_UART_Receive_IT)
    HAL_UART_RxCpltCallback                  0x08000fa5   Thumb Code   118  usart.o(.text.HAL_UART_RxCpltCallback)
    HAL_UART_Transmit                        0x0800101d   Thumb Code   302  stm32f1xx_hal_uart.o(.text.HAL_UART_Transmit)
    HAL_UART_TxCpltCallback                  0x0800114d   Thumb Code     2  stm32f1xx_hal_uart.o(.text.HAL_UART_TxCpltCallback)
    HardFault_Handler                        0x08001151   Thumb Code     2  stm32f1xx_it.o(.text.HardFault_Handler)
    MemManage_Handler                        0x08001155   Thumb Code     2  stm32f1xx_it.o(.text.MemManage_Handler)
    NMI_Handler                              0x08001159   Thumb Code     2  stm32f1xx_it.o(.text.NMI_Handler)
    PendSV_Handler                           0x0800115d   Thumb Code     2  stm32f1xx_it.o(.text.PendSV_Handler)
    SVC_Handler                              0x08001161   Thumb Code     2  stm32f1xx_it.o(.text.SVC_Handler)
    SysTick_Handler                          0x08001165   Thumb Code     4  stm32f1xx_it.o(.text.SysTick_Handler)
    SystemInit                               0x08001169   Thumb Code    80  system_stm32f1xx.o(.text.SystemInit)
    USART1_IRQHandler                        0x08001241   Thumb Code    40  usart.o(.text.USART1_IRQHandler)
    USART_Config                             0x08001269   Thumb Code    52  bsp_usart.o(.text.USART_Config)
    UsageFault_Handler                       0x0800129d   Thumb Code     2  stm32f1xx_it.o(.text.UsageFault_Handler)
    _sys_exit                                0x080012a1   Thumb Code     2  usart.o(.text._sys_exit)
    delay_init                               0x080012a5   Thumb Code    36  delay.o(.text.delay_init)
    main                                     0x080012c9   Thumb Code    60  main_1.o(.text.main)
    sys_stm32_clock_init                     0x08001315   Thumb Code    70  sys.o(.text.sys_stm32_clock_init)
    AHBPrescTable                            0x0800135c   Data          16  system_stm32f1xx.o(.rodata.AHBPrescTable)
    APBPrescTable                            0x0800136c   Data           8  system_stm32f1xx.o(.rodata.APBPrescTable)
    Region$$Table$$Base                      0x08001384   Number         0  anon$$obj.o(Region$$Table)
    Region$$Table$$Limit                     0x080013a4   Number         0  anon$$obj.o(Region$$Table)
    __ARM_use_no_argv                        0x20000000   Data           4  main_1.o(.ARM.use_no_argv)
    SystemCoreClock                          0x20000004   Data           4  system_stm32f1xx.o(.data.SystemCoreClock)
    uwTickFreq                               0x20000008   Data           1  stm32f1xx_hal.o(.data.uwTickFreq)
    uwTickPrio                               0x2000000c   Data           4  stm32f1xx_hal.o(.data.uwTickPrio)
    __libspace_start                         0x20000010   Data          96  libspace.o(.bss)
    UartHandle                               0x20000070   Data          64  main_1.o(.bss.UartHandle)
    __temporary_stack_top$libspace           0x20000070   Data           0  libspace.o(.bss)
    g_rx_buffer                              0x200000b2   Data           1  usart.o(.bss.g_rx_buffer)
    g_uart1_handle                           0x200000b4   Data          64  usart.o(.bss.g_uart1_handle)
    g_usart_rx_buf                           0x200000f4   Data         200  usart.o(.bss.g_usart_rx_buf)
    g_usart_rx_sta                           0x200001bc   Data           2  usart.o(.bss.g_usart_rx_sta)
    uwTick                                   0x200001c0   Data           4  stm32f1xx_hal.o(.bss.uwTick)



==============================================================================

Memory Map of the image

  Image Entry point : 0x08000131

  Load Region LR_IROM1 (Base: 0x08000000, Size: 0x000013b8, Max: 0x00080000, ABSOLUTE)

    Execution Region ER_IROM1 (Exec base: 0x08000000, Load base: 0x08000000, Size: 0x000013a4, Max: 0x00080000, ABSOLUTE)

    Exec Addr    Load Addr    Size         Type   Attr      Idx    E Section Name        Object

    0x08000000   0x08000000   0x00000130   Data   RO            3    RESET               startup_stm32f103xe.o
    0x08000130   0x08000130   0x00000008   Code   RO          563  * !!!main             c_w.l(__main.o)
    0x08000138   0x08000138   0x00000034   Code   RO          715    !!!scatter          c_w.l(__scatter.o)
    0x0800016c   0x0800016c   0x0000001a   Code   RO          717    !!handler_copy      c_w.l(__scatter_copy.o)
    0x08000186   0x08000186   0x00000002   PAD
    0x08000188   0x08000188   0x0000001c   Code   RO          719    !!handler_zi        c_w.l(__scatter_zi.o)
    0x080001a4   0x080001a4   0x00000002   Code   RO          592    .ARM.Collect$$libinit$$00000000  c_w.l(libinit.o)
    0x080001a6   0x080001a6   0x00000000   Code   RO          599    .ARM.Collect$$libinit$$00000002  c_w.l(libinit2.o)
    0x080001a6   0x080001a6   0x00000000   Code   RO          601    .ARM.Collect$$libinit$$00000004  c_w.l(libinit2.o)
    0x080001a6   0x080001a6   0x00000000   Code   RO          603    .ARM.Collect$$libinit$$00000006  c_w.l(libinit2.o)
    0x080001a6   0x080001a6   0x00000000   Code   RO          606    .ARM.Collect$$libinit$$0000000C  c_w.l(libinit2.o)
    0x080001a6   0x080001a6   0x00000000   Code   RO          608    .ARM.Collect$$libinit$$0000000E  c_w.l(libinit2.o)
    0x080001a6   0x080001a6   0x00000000   Code   RO          610    .ARM.Collect$$libinit$$00000010  c_w.l(libinit2.o)
    0x080001a6   0x080001a6   0x00000000   Code   RO          613    .ARM.Collect$$libinit$$00000013  c_w.l(libinit2.o)
    0x080001a6   0x080001a6   0x00000000   Code   RO          615    .ARM.Collect$$libinit$$00000015  c_w.l(libinit2.o)
    0x080001a6   0x080001a6   0x00000000   Code   RO          617    .ARM.Collect$$libinit$$00000017  c_w.l(libinit2.o)
    0x080001a6   0x080001a6   0x00000000   Code   RO          619    .ARM.Collect$$libinit$$00000019  c_w.l(libinit2.o)
    0x080001a6   0x080001a6   0x00000000   Code   RO          621    .ARM.Collect$$libinit$$0000001B  c_w.l(libinit2.o)
    0x080001a6   0x080001a6   0x00000000   Code   RO          623    .ARM.Collect$$libinit$$0000001D  c_w.l(libinit2.o)
    0x080001a6   0x080001a6   0x00000000   Code   RO          625    .ARM.Collect$$libinit$$0000001F  c_w.l(libinit2.o)
    0x080001a6   0x080001a6   0x00000000   Code   RO          627    .ARM.Collect$$libinit$$00000021  c_w.l(libinit2.o)
    0x080001a6   0x080001a6   0x00000000   Code   RO          629    .ARM.Collect$$libinit$$00000023  c_w.l(libinit2.o)
    0x080001a6   0x080001a6   0x00000000   Code   RO          631    .ARM.Collect$$libinit$$00000025  c_w.l(libinit2.o)
    0x080001a6   0x080001a6   0x00000000   Code   RO          633    .ARM.Collect$$libinit$$00000027  c_w.l(libinit2.o)
    0x080001a6   0x080001a6   0x00000000   Code   RO          637    .ARM.Collect$$libinit$$0000002E  c_w.l(libinit2.o)
    0x080001a6   0x080001a6   0x00000000   Code   RO          639    .ARM.Collect$$libinit$$00000030  c_w.l(libinit2.o)
    0x080001a6   0x080001a6   0x00000000   Code   RO          641    .ARM.Collect$$libinit$$00000032  c_w.l(libinit2.o)
    0x080001a6   0x080001a6   0x00000000   Code   RO          643    .ARM.Collect$$libinit$$00000034  c_w.l(libinit2.o)
    0x080001a6   0x080001a6   0x00000002   Code   RO          644    .ARM.Collect$$libinit$$00000035  c_w.l(libinit2.o)
    0x080001a8   0x080001a8   0x00000002   Code   RO          662    .ARM.Collect$$libshutdown$$00000000  c_w.l(libshutdown.o)
    0x080001aa   0x080001aa   0x00000000   Code   RO          670    .ARM.Collect$$libshutdown$$00000002  c_w.l(libshutdown2.o)
    0x080001aa   0x080001aa   0x00000000   Code   RO          672    .ARM.Collect$$libshutdown$$00000004  c_w.l(libshutdown2.o)
    0x080001aa   0x080001aa   0x00000000   Code   RO          675    .ARM.Collect$$libshutdown$$00000007  c_w.l(libshutdown2.o)
    0x080001aa   0x080001aa   0x00000000   Code   RO          678    .ARM.Collect$$libshutdown$$0000000A  c_w.l(libshutdown2.o)
    0x080001aa   0x080001aa   0x00000000   Code   RO          680    .ARM.Collect$$libshutdown$$0000000C  c_w.l(libshutdown2.o)
    0x080001aa   0x080001aa   0x00000000   Code   RO          683    .ARM.Collect$$libshutdown$$0000000F  c_w.l(libshutdown2.o)
    0x080001aa   0x080001aa   0x00000002   Code   RO          684    .ARM.Collect$$libshutdown$$00000010  c_w.l(libshutdown2.o)
    0x080001ac   0x080001ac   0x00000000   Code   RO          567    .ARM.Collect$$rtentry$$00000000  c_w.l(__rtentry.o)
    0x080001ac   0x080001ac   0x00000000   Code   RO          569    .ARM.Collect$$rtentry$$00000002  c_w.l(__rtentry2.o)
    0x080001ac   0x080001ac   0x00000006   Code   RO          581    .ARM.Collect$$rtentry$$00000004  c_w.l(__rtentry4.o)
    0x080001b2   0x080001b2   0x00000000   Code   RO          571    .ARM.Collect$$rtentry$$00000009  c_w.l(__rtentry2.o)
    0x080001b2   0x080001b2   0x00000004   Code   RO          572    .ARM.Collect$$rtentry$$0000000A  c_w.l(__rtentry2.o)
    0x080001b6   0x080001b6   0x00000000   Code   RO          574    .ARM.Collect$$rtentry$$0000000C  c_w.l(__rtentry2.o)
    0x080001b6   0x080001b6   0x00000008   Code   RO          575    .ARM.Collect$$rtentry$$0000000D  c_w.l(__rtentry2.o)
    0x080001be   0x080001be   0x00000002   Code   RO          596    .ARM.Collect$$rtexit$$00000000  c_w.l(rtexit.o)
    0x080001c0   0x080001c0   0x00000000   Code   RO          646    .ARM.Collect$$rtexit$$00000002  c_w.l(rtexit2.o)
    0x080001c0   0x080001c0   0x00000004   Code   RO          647    .ARM.Collect$$rtexit$$00000003  c_w.l(rtexit2.o)
    0x080001c4   0x080001c4   0x00000006   Code   RO          648    .ARM.Collect$$rtexit$$00000004  c_w.l(rtexit2.o)
    0x080001ca   0x080001ca   0x00000002   PAD
    0x080001cc   0x080001cc   0x00000040   Code   RO            4    .text               startup_stm32f103xe.o
    0x0800020c   0x0800020c   0x00000002   Code   RO          559    .text               c_w.l(use_no_semi_2.o)
    0x0800020e   0x0800020e   0x00000006   Code   RO          561    .text               c_w.l(heapauxi.o)
    0x08000214   0x08000214   0x00000002   Code   RO          565    .text               c_w.l(use_no_semi.o)
    0x08000216   0x08000216   0x0000004a   Code   RO          583    .text               c_w.l(sys_stackheap_outer.o)
    0x08000260   0x08000260   0x00000012   Code   RO          585    .text               c_w.l(exit.o)
    0x08000272   0x08000272   0x00000002   PAD
    0x08000274   0x08000274   0x00000008   Code   RO          593    .text               c_w.l(libspace.o)
    0x0800027c   0x0800027c   0x00000002   Code   RO           17    .text.BusFault_Handler  stm32f1xx_it.o
    0x0800027e   0x0800027e   0x00000002   PAD
    0x08000280   0x08000280   0x00000002   Code   RO           23    .text.DebugMon_Handler  stm32f1xx_it.o
    0x08000282   0x08000282   0x00000002   PAD
    0x08000284   0x08000284   0x0000011a   Code   RO          248    .text.HAL_DMA_Abort_IT  stm32f1xx_hal_dma.o
    0x0800039e   0x0800039e   0x00000002   PAD
    0x080003a0   0x080003a0   0x000001e4   Code   RO          270    .text.HAL_GPIO_Init  stm32f1xx_hal_gpio.o
    0x08000584   0x08000584   0x0000000c   Code   RO          149    .text.HAL_GetTick   stm32f1xx_hal.o
    0x08000590   0x08000590   0x0000001a   Code   RO          147    .text.HAL_IncTick   stm32f1xx_hal.o
    0x080005aa   0x080005aa   0x00000002   PAD
    0x080005ac   0x080005ac   0x00000026   Code   RO          137    .text.HAL_Init      stm32f1xx_hal.o
    0x080005d2   0x080005d2   0x00000002   PAD
    0x080005d4   0x080005d4   0x00000050   Code   RO          139    .text.HAL_InitTick  stm32f1xx_hal.o
    0x08000624   0x08000624   0x00000002   Code   RO          141    .text.HAL_MspInit   stm32f1xx_hal.o
    0x08000626   0x08000626   0x00000002   PAD
    0x08000628   0x08000628   0x00000020   Code   RO          202    .text.HAL_NVIC_EnableIRQ  stm32f1xx_hal_cortex.o
    0x08000648   0x08000648   0x00000056   Code   RO          200    .text.HAL_NVIC_SetPriority  stm32f1xx_hal_cortex.o
    0x0800069e   0x0800069e   0x00000002   PAD
    0x080006a0   0x080006a0   0x00000020   Code   RO          198    .text.HAL_NVIC_SetPriorityGrouping  stm32f1xx_hal_cortex.o
    0x080006c0   0x080006c0   0x000001ba   Code   RO          312    .text.HAL_RCC_ClockConfig  stm32f1xx_hal_rcc.o
    0x0800087a   0x0800087a   0x00000002   PAD
    0x0800087c   0x0800087c   0x00000026   Code   RO          324    .text.HAL_RCC_GetPCLK1Freq  stm32f1xx_hal_rcc.o
    0x080008a2   0x080008a2   0x00000002   PAD
    0x080008a4   0x080008a4   0x00000026   Code   RO          326    .text.HAL_RCC_GetPCLK2Freq  stm32f1xx_hal_rcc.o
    0x080008ca   0x080008ca   0x00000002   PAD
    0x080008cc   0x080008cc   0x00000330   Code   RO          310    .text.HAL_RCC_OscConfig  stm32f1xx_hal_rcc.o
    0x08000bfc   0x08000bfc   0x00000018   Code   RO          224    .text.HAL_SYSTICK_CLKSourceConfig  stm32f1xx_hal_cortex.o
    0x08000c14   0x08000c14   0x0000002c   Code   RO          210    .text.HAL_SYSTICK_Config  stm32f1xx_hal_cortex.o
    0x08000c40   0x08000c40   0x00000002   Code   RO          434    .text.HAL_UART_ErrorCallback  stm32f1xx_hal_uart.o
    0x08000c42   0x08000c42   0x00000002   PAD
    0x08000c44   0x08000c44   0x00000190   Code   RO          428    .text.HAL_UART_IRQHandler  stm32f1xx_hal_uart.o
    0x08000dd4   0x08000dd4   0x000000de   Code   RO          360    .text.HAL_UART_Init  stm32f1xx_hal_uart.o
    0x08000eb2   0x08000eb2   0x00000002   PAD
    0x08000eb4   0x08000eb4   0x0000009a   Code   RO          104    .text.HAL_UART_MspInit  usart.o
    0x08000f4e   0x08000f4e   0x00000002   PAD
    0x08000f50   0x08000f50   0x00000054   Code   RO          380    .text.HAL_UART_Receive_IT  stm32f1xx_hal_uart.o
    0x08000fa4   0x08000fa4   0x00000076   Code   RO          106    .text.HAL_UART_RxCpltCallback  usart.o
    0x0800101a   0x0800101a   0x00000002   PAD
    0x0800101c   0x0800101c   0x0000012e   Code   RO          374    .text.HAL_UART_Transmit  stm32f1xx_hal_uart.o
    0x0800114a   0x0800114a   0x00000002   PAD
    0x0800114c   0x0800114c   0x00000002   Code   RO          436    .text.HAL_UART_TxCpltCallback  stm32f1xx_hal_uart.o
    0x0800114e   0x0800114e   0x00000002   PAD
    0x08001150   0x08001150   0x00000002   Code   RO           13    .text.HardFault_Handler  stm32f1xx_it.o
    0x08001152   0x08001152   0x00000002   PAD
    0x08001154   0x08001154   0x00000002   Code   RO           15    .text.MemManage_Handler  stm32f1xx_it.o
    0x08001156   0x08001156   0x00000002   PAD
    0x08001158   0x08001158   0x00000002   Code   RO           11    .text.NMI_Handler   stm32f1xx_it.o
    0x0800115a   0x0800115a   0x00000002   PAD
    0x0800115c   0x0800115c   0x00000002   Code   RO           25    .text.PendSV_Handler  stm32f1xx_it.o
    0x0800115e   0x0800115e   0x00000002   PAD
    0x08001160   0x08001160   0x00000002   Code   RO           21    .text.SVC_Handler   stm32f1xx_it.o
    0x08001162   0x08001162   0x00000002   PAD
    0x08001164   0x08001164   0x00000004   Code   RO           27    .text.SysTick_Handler  stm32f1xx_it.o
    0x08001168   0x08001168   0x00000050   Code   RO           36    .text.SystemInit    system_stm32f1xx.o
    0x080011b8   0x080011b8   0x0000000c   Code   RO          432    .text.UART_DMAAbortOnError  stm32f1xx_hal_uart.o
    0x080011c4   0x080011c4   0x0000007c   Code   RO          430    .text.UART_Receive_IT  stm32f1xx_hal_uart.o
    0x08001240   0x08001240   0x00000028   Code   RO          108    .text.USART1_IRQHandler  usart.o
    0x08001268   0x08001268   0x00000034   Code   RO          550    .text.USART_Config  bsp_usart.o
    0x0800129c   0x0800129c   0x00000002   Code   RO           19    .text.UsageFault_Handler  stm32f1xx_it.o
    0x0800129e   0x0800129e   0x00000002   PAD
    0x080012a0   0x080012a0   0x00000002   Code   RO           96    .text._sys_exit     usart.o
    0x080012a2   0x080012a2   0x00000002   PAD
    0x080012a4   0x080012a4   0x00000024   Code   RO           51    .text.delay_init    delay.o
    0x080012c8   0x080012c8   0x0000004c   Code   RO          123    .text.main          main_1.o
    0x08001314   0x08001314   0x00000046   Code   RO           84    .text.sys_stm32_clock_init  sys.o
    0x0800135a   0x0800135a   0x00000002   Data   RO          337    .rodata..L__const.HAL_RCC_GetSysClockFreq.aPredivFactorTable  stm32f1xx_hal_rcc.o
    0x0800135c   0x0800135c   0x00000010   Data   RO           41    .rodata.AHBPrescTable  system_stm32f1xx.o
    0x0800136c   0x0800136c   0x00000008   Data   RO           42    .rodata.APBPrescTable  system_stm32f1xx.o
    0x08001374   0x08001374   0x00000010   Data   RO          336    .rodata.cst16       stm32f1xx_hal_rcc.o
    0x08001384   0x08001384   0x00000020   Data   RO          714    Region$$Table       anon$$obj.o


    Execution Region RW_IRAM1 (Exec base: 0x20000000, Load base: 0x080013a8, Size: 0x000007c8, Max: 0x00010000, ABSOLUTE)

    Exec Addr    Load Addr    Size         Type   Attr      Idx    E Section Name        Object

    0x20000000   0x080013a8   0x00000004   Data   RW          128    .ARM.use_no_argv    main_1.o
    0x20000004   0x080013ac   0x00000004   Data   RW           40    .data.SystemCoreClock  system_stm32f1xx.o
    0x20000008   0x080013b0   0x00000001   Data   RW          188    .data.uwTickFreq    stm32f1xx_hal.o
    0x20000009   0x080013b1   0x00000003   PAD
    0x2000000c   0x080013b4   0x00000004   Data   RW          187    .data.uwTickPrio    stm32f1xx_hal.o
    0x20000010        -       0x00000060   Zero   RW          594    .bss                c_w.l(libspace.o)
    0x20000070        -       0x00000040   Zero   RW          127    .bss.UartHandle     main_1.o
    0x200000b0        -       0x00000002   Zero   RW           59    .bss.g_fac_us       delay.o
    0x200000b2        -       0x00000001   Zero   RW          112    .bss.g_rx_buffer    usart.o
    0x200000b3   0x080013b8   0x00000001   PAD
    0x200000b4        -       0x00000040   Zero   RW          111    .bss.g_uart1_handle  usart.o
    0x200000f4        -       0x000000c8   Zero   RW          113    .bss.g_usart_rx_buf  usart.o
    0x200001bc        -       0x00000002   Zero   RW          110    .bss.g_usart_rx_sta  usart.o
    0x200001be   0x080013b8   0x00000002   PAD
    0x200001c0        -       0x00000004   Zero   RW          189    .bss.uwTick         stm32f1xx_hal.o
    0x200001c4   0x080013b8   0x00000004   PAD
    0x200001c8        -       0x00000200   Zero   RW            2    HEAP                startup_stm32f103xe.o
    0x200003c8        -       0x00000400   Zero   RW            1    STACK               startup_stm32f103xe.o


==============================================================================

Image component sizes


      Code (inc. data)   RO Data    RW Data    ZI Data      Debug   Object Name

        52          0          0          0          0       2943   bsp_usart.o
        36          0          0          0          2       2384   delay.o
        76         16          0          4         64       3424   main_1.o
        64         26        304          0       1536        932   startup_stm32f103xe.o
       158          0          0          5          4       6092   stm32f1xx_hal.o
       218          0          0          0          0       8833   stm32f1xx_hal_cortex.o
       282          0          0          0          0       8265   stm32f1xx_hal_dma.o
       484         20          0          0          0       4610   stm32f1xx_hal_gpio.o
      1334          0         18          0          0       7610   stm32f1xx_hal_rcc.o
      1148          0          0          0          0      19053   stm32f1xx_hal_uart.o
        20          0          0          0          0       1159   stm32f1xx_it.o
        70          0          0          0          0       3724   sys.o
        80          0         24          4          0       2273   system_stm32f1xx.o
       314          0          0          0        267       6827   usart.o

    ----------------------------------------------------------------------
      4382         62        378         16       1880      78129   Object Totals
         0          0         32          0          0          0   (incl. Generated)
        46          0          0          3          7          0   (incl. Padding)

    ----------------------------------------------------------------------

      Code (inc. data)   RO Data    RW Data    ZI Data      Debug   Library Member Name

         8          0          0          0          0         68   __main.o
         0          0          0          0          0          0   __rtentry.o
        12          0          0          0          0          0   __rtentry2.o
         6          0          0          0          0          0   __rtentry4.o
        52          8          0          0          0          0   __scatter.o
        26          0          0          0          0          0   __scatter_copy.o
        28          0          0          0          0          0   __scatter_zi.o
        18          0          0          0          0         80   exit.o
         6          0          0          0          0        152   heapauxi.o
         2          0          0          0          0          0   libinit.o
         2          0          0          0          0          0   libinit2.o
         2          0          0          0          0          0   libshutdown.o
         2          0          0          0          0          0   libshutdown2.o
         8          4          0          0         96         68   libspace.o
         2          0          0          0          0          0   rtexit.o
        10          0          0          0          0          0   rtexit2.o
        74          0          0          0          0         80   sys_stackheap_outer.o
         2          0          0          0          0         68   use_no_semi.o
         2          0          0          0          0         68   use_no_semi_2.o

    ----------------------------------------------------------------------
       268         12          0          0         96        584   Library Totals
         6          0          0          0          0          0   (incl. Padding)

    ----------------------------------------------------------------------

      Code (inc. data)   RO Data    RW Data    ZI Data      Debug   Library Name

       262         12          0          0         96        584   c_w.l

    ----------------------------------------------------------------------
       268         12          0          0         96        584   Library Totals

    ----------------------------------------------------------------------

==============================================================================


      Code (inc. data)   RO Data    RW Data    ZI Data      Debug   

      4650         74        378         16       1976      78365   Grand Totals
      4650         74        378         16       1976      78365   ELF Image Totals
      4650         74        378         16          0          0   ROM Totals

==============================================================================

    Total RO  Size (Code + RO Data)                 5028 (   4.91kB)
    Total RW  Size (RW Data + ZI Data)              1992 (   1.95kB)
    Total ROM Size (Code + RO Data + RW Data)       5044 (   4.93kB)

==============================================================================

